[www.jjconsulting.com.br/pt-br.html]
[backblue.gif]
[fade.gif]
[index.html]
[www.jjconsulting.com.br/images/logo-jj-cropped.png]
[www.jjconsulting.com.br/images/jj-bg.webp]
[www.jjconsulting.com.br/images/logo-horizontal-jj.webp]
[www.jjconsulting.com.br/css/bootstrap.min.css]
[www.jjconsulting.com.br/css/bootstrap-icons/font/bootstrap-icons.min.css]
[www.jjconsulting.com.br/css/bootstrap-select.min.css]
[www.jjconsulting.com.br/css/aos.min.css]
[www.jjconsulting.com.br/css/style30f4.css]
[www.jjconsulting.com.br/css/animate.min.css]
[www.jjconsulting.com.br/images/flags/pt-br.png]
[www.jjconsulting.com.br/images/flags/en-us.png]
[www.jjconsulting.com.br/images/flags/es-mx.png]
[www.jjconsulting.com.br/pt-br/products.html]
[www.jjconsulting.com.br/pt-br4f77.html]
[www.jjconsulting.com.br/pt-br03d6.html]
[www.jjconsulting.com.br/pt-br/contact.html]
[www.jjconsulting.com.br/pt-br/jobs.html]
[www.jjconsulting.com.br/pt-br/blog.html]
[www.jjconsulting.com.br/pt-br/projetos-de-software.html]
[www.jjconsulting.com.br/images/consultoria-jj.webp]
[www.jjconsulting.com.br/images/suporte-sla.webp]
[www.jjconsulting.com.br/images/products/jjinfinity-devices.webp]
[www.jjconsulting.com.br/images/about-business-intelligence.webp]
[www.jjconsulting.com.br/images/about-jj-integration.webp]
[www.jjconsulting.com.br/images/ferramentas-ecommerce.webp]
[www.jjconsulting.com.br/video/gif_typing.mp4]
[www.jjconsulting.com.br/images/eduardo.webp]
[www.jjconsulting.com.br/images/arquimedes.webp]
[www.jjconsulting.com.br/images/luis.webp]
[www.jjconsulting.com.br/images/alexandre_martim.webp]
[www.jjconsulting.com.br/images/clientes/jj_danone.webp]
[www.jjconsulting.com.br/images/clientes/jj_lvmh.webp]
[www.jjconsulting.com.br/images/clientes/jj_shell.webp]
[www.jjconsulting.com.br/images/clientes/jj_cpq.webp]
[www.jjconsulting.com.br/images/clientes/jj_grupo-rb.webp]
[www.jjconsulting.com.br/images/clientes/jj_boiron.webp]
[www.jjconsulting.com.br/images/clientes/jj_havanna.webp]
[www.jjconsulting.com.br/images/clientes/jj_lng.webp]
[www.jjconsulting.com.br/images/clientes/jj_is.webp]
[www.jjconsulting.com.br/images/clientes/jj_ypf.webp]
[www.jjconsulting.com.br/images/clientes/jj_mhb.webp]
[www.jjconsulting.com.br/images/clientes/logo-auster.webp]
[www.jjconsulting.com.br/images/clientes/logo-sigvaris.webp]
[www.jjconsulting.com.br/images/clientes/logo-abs.webp]
[www.jjconsulting.com.br/pt-br/produtos/sistema-de-vendas-para-empresas.html]
[www.jjconsulting.com.br/pt-br/produtos/dicionario-de-dados.html]
[www.jjconsulting.com.br/images/products/logo/JJMasterDataLogoVertical.webp]
[www.jjconsulting.com.br/pt-br/produtos/integracao-de-dados.html]
[www.jjconsulting.com.br/images/products/logo/JJ Integration logo.webp]
[www.jjconsulting.com.br/images/products/logo/Websales logo.webp]
[www.jjconsulting.com.br/images/logo_jj-consulting-hv-adj.png]
[www.jjconsulting.com.br/js/aos.min.js]
[www.jjconsulting.com.br/js/jquery/dist/jquery.min.js]
[www.jjconsulting.com.br/js/bootstrap.bundle.min.js]
[www.jjconsulting.com.br/js/bootstrap-select.min.js]
[www.jjconsulting.com.br/js/morphext.min.js]
[www.jjconsulting.com.br/pt-br.html]
[www.jjconsulting.com.br/css/bootstrap.min.css]
[www.jjconsulting.com.br/js/appc395.js]
[www.jjconsulting.com.br/css/bootstrap-icons/font/fonts/bootstrap-icons0107.woff2]
[www.jjconsulting.com.br/css/bootstrap-icons/font/fonts/bootstrap-icons0107.woff]
[www.jjconsulting.com.br/css/bootstrap-icons/font/bootstrap-icons.min.css]
[www.jjconsulting.com.br/css/bootstrap-select.min.css]
[www.jjconsulting.com.br/css/aos.min.css]
[www.jjconsulting.com.br/images/bg_footer.webp]
[www.jjconsulting.com.br/images/bg_faca_parte.webp]
[www.jjconsulting.com.br/css/img/bg-img/bg-2.40.delayed]
[www.jjconsulting.com.br/css/img/jj-bg.41.delayed]
[www.jjconsulting.com.br/images/BackgroundResultado.webp]
[www.jjconsulting.com.br/css/style30f4.css]
[www.jjconsulting.com.br/css/animate.min.css]
[www.jjconsulting.com.br/infinity/AppImages/Favicon3f1b.png]
[www.jjconsulting.com.br/infinity/manifest.json]
[www.jjconsulting.com.br/infinity/vendors/simplebar/simplebar.min.js]
[www.jjconsulting.com.br/infinity/js/config.js]
[www.jjconsulting.com.br/infinity/vendors/simplebar/simplebar.min.css]
[www.jjconsulting.com.br/infinity/_content/JJMasterData.Web/css/fontawesome/all.min.css]
[www.jjconsulting.com.br/infinity/_content/JJMasterData.Web/css/fontawesome/v4-font-face.min.css]
[www.jjconsulting.com.br/infinity/_content/JJMasterData.Web/css/fontawesome/v4-shims.min.css]
[www.jjconsulting.com.br/infinity/vendors/dropzone/dropzone.min.css]
[www.jjconsulting.com.br/infinity/vendors/flatpickr/flatpickr.min.css]
[www.jjconsulting.com.br/infinity/_content/JJMasterData.Web/css/bootstrap/bootstrap-select.css]
[www.jjconsulting.com.br/infinity/css/phoenix-tags-input.css]
[www.jjconsulting.com.br/infinity/css/infinity696c.css]
[www.jjconsulting.com.br/infinity/css/flags.css]
[www.jjconsulting.com.br/infinity/_content/JJMasterData.Web/js/jquery/jquery.min.js]
[www.jjconsulting.com.br/infinity/_content/JJMasterData.Web/js/jquery/jquery-form/jquery.form.js]
[www.jjconsulting.com.br/infinity/_content/JJMasterData.Web/js/jquery/jquery-ui/jquery-ui.min.js]
[www.jjconsulting.com.br/infinity/_content/JJMasterData.Web/js/jquery/jquery-validation/jquery.validate.min.js]
[www.jjconsulting.com.br/infinity/_content/JJMasterData.Web/js/jquery/jquery-validation-unobtrusive/jquery.validate.unobtrusive.min.js]
[www.jjconsulting.com.br/infinity/_content/JJMasterData.Web/js/autonumeric/autoNumeric.min.js]
[www.jjconsulting.com.br/infinity/_content/JJMasterData.Web/js/bootstrap/bootstrap5/bootstrap.bundle.min.js]
[www.jjconsulting.com.br/infinity/_content/JJMasterData.Web/js/bootstrap/bootstrap-select/bootstrap-select.min.js]
[www.jjconsulting.com.br/infinity/_content/JJMasterData.Web/js/flatpickr/flatpickr.minb2c0.js]
[www.jjconsulting.com.br/infinity/_content/JJMasterData.Web/js/flatpickr/l10n/pt.min.js]
[www.jjconsulting.com.br/infinity/_content/JJMasterData.Web/js/flatpickr/l10n/en.min.js]
[www.jjconsulting.com.br/infinity/_content/JJMasterData.Web/js/popperjs/popper.min.js]
[www.jjconsulting.com.br/infinity/_content/JJMasterData.Web/js/spin/spin.min.js]
[www.jjconsulting.com.br/infinity/_content/JJMasterData.Web/js/inputmask/dist/inputmask.min.js]
[www.jjconsulting.com.br/infinity/_content/JJMasterData.Web/js/inputmask/dist/bindings/inputmask.binding.js]
[www.jjconsulting.com.br/infinity/_content/JJMasterData.Web/js/typeahead/typeahead.min.js]
[www.jjconsulting.com.br/infinity/_content/JJMasterData.Web/js/bootstrap/bootstrap-tagsinput/bootstrap-tagsinput.min.js]
[www.jjconsulting.com.br/infinity/_content/JJMasterData.Web/js/dropzone/dropzone.min.js]
[www.jjconsulting.com.br/infinity/vendors/htmx/htmx.min.js]
[www.jjconsulting.com.br/infinity/_content/JJMasterData.Web/js/jjmasterdata/jjmasterdata0652.js]
[www.jjconsulting.com.br/infinity/AppImages/Background3f1b.jpg]
[www.jjconsulting.com.br/infinity/AppImages/Identity3f1b.png]
[www.google.com/recaptcha/apibbc3.js]
[www.jjconsulting.com.br/pt-br/index.html]
[www.jjconsulting.com.br/infinity/images/PoweredByJJ.webp]
[www.jjconsulting.com.br/infinity/images/PoweredByJJDark.webp]
[www.jjconsulting.com.br/infinity/vendors/popper/popper.min.js]
[www.jjconsulting.com.br/infinity/vendors/anchorjs/anchor.min.js]
[www.jjconsulting.com.br/infinity/vendors/is/is.min.js]
[www.jjconsulting.com.br/infinity/vendors/lodash/lodash.min.js]
[www.jjconsulting.com.br/infinity/vendors/dayjs/dayjs.min.js]
[www.jjconsulting.com.br/infinity/js/phoenix.js]
[www.jjconsulting.com.br/infinity/vendors/sortablejs/Sortable.min.js]
[www.jjconsulting.com.br/infinity/js/jjinfinity1242.js]
[www.jjconsulting.com.br/infinity/_content/JJMasterData.RecursiveProcedureAction/js/executionSequence.js]
[www.jjconsulting.com.br/infinity/Account/Login89ef.html]
[www.jjconsulting.com.br/images/products/Websales.webp]
[www.jjconsulting.com.br/pt-br/produtos/chatbot.html]
[www.jjconsulting.com.br/images/products/WebSalesChat.webp]
[www.jjconsulting.com.br/pt-br/produtos/portal-empresarial.html]
[www.jjconsulting.com.br/images/products/JJInfinity.webp]
[www.jjconsulting.com.br/images/products/JJIntegration.webp]
[www.jjconsulting.com.br/images/products/JJMasterData681a.webp]
[www.jjconsulting.com.br/pt-br/products.html]
[www.jjconsulting.com.br/pt-br4f77.html]
[www.jjconsulting.com.br/pt-br03d6.html]
[www.jjconsulting.com.br/js/jquery-validation/dist/jquery.validate.min.js]
[www.jjconsulting.com.br/js/jquery-validation-unobtrusive/jquery.validate.unobtrusive.min.js]
[www.google.com/recaptcha/api.js]
[www.jjconsulting.com.br/pt-br/contact.html]
[cdnjs.cloudflare.com/ajax/libs/jquery/3.6.0/jquery.min.js]
[cdnjs.cloudflare.com/ajax/libs/magnific-popup.js/1.1.0/magnific-popup.min.css]
[cdnjs.cloudflare.com/ajax/libs/magnific-popup.js/1.1.0/jquery.magnific-popup.min.js]
[www.jjconsulting.com.br/css/magnific-popup.css]
[www.jjconsulting.com.br/pt-br/jobs.html]
[www.jjconsulting.com.br/js/jquery.magnific-popup.min.js]
[www.jjconsulting.com.br/_content/JJConsulting.Tech.Blog/css/blog.css]
[www.jjconsulting.com.br/public/blog/article/11/poo_the_last_of_us.png]
[www.jjconsulting.com.br/pt-br/blog/programacao/programacao-orientada-a-objetos-the-last-of-us.html]
[www.jjconsulting.com.br/public/blog/article/6/microservices_vs_monolith.webp]
[www.jjconsulting.com.br/pt-br/blog/arquitetura-de-software/migrando-monolito-para-microsservicos.html]
[www.jjconsulting.com.br/public/blog/article/15/bees_communication.png]
[www.jjconsulting.com.br/pt-br/blog/arquitetura-de-software/comunicacao-entre-microsservicos.html]
[www.jjconsulting.com.br/public/blog/article/12/sql_pesquisa.png]
[www.jjconsulting.com.br/pt-br/blog/banco-de-dados/pesquisa.html]
[www.jjconsulting.com.br/public/blog/article/24/JJ - Discord.png]
[www.jjconsulting.com.br/pt-br/blog/produtividade-e-ferramentas-digitais/discord-no-mundo-corporativo.html]
[www.jjconsulting.com.br/pt-br/blog/author/rodrigo-macedo.html]
[www.jjconsulting.com.br/pt-br/blog/produtividade-e-ferramentas-digitais/ocr-flutter.html]
[www.jjconsulting.com.br/public/blog/article/28/capa2.png]
[www.jjconsulting.com.br/pt-br/blog/author/gumbarros.html]
[www.jjconsulting.com.br/pt-br/blog/programacao/yarp-banco-de-dados.html]
[www.jjconsulting.com.br/public/blog/article/25/yarp-santiago-way.png]
[www.jjconsulting.com.br/pt-br/blog/author/karina.html]
[www.jjconsulting.com.br/pt-br/blog/programacao/polimorfismo-com-entity-framework-star-wars.html]
[www.jjconsulting.com.br/public/blog/article/22/K2SO_StarWars.png]
[www.jjconsulting.com.br/pt-br/blog/author/ljmb.html]
[www.jjconsulting.com.br/pt-br/blog/programacao/linguagens-de-programacao-campeoes-de-arcane.html]
[www.jjconsulting.com.br/public/blog/article/20/bg.png]
[www.jjconsulting.com.br/pt-br/blog/author/jv.html]
[www.jjconsulting.com.br/pt-br/blog/programacao/boas-praticas.html]
[www.jjconsulting.com.br/public/blog/article/19/clean-code.jpg]
[www.jjconsulting.com.br/pt-br/blog/gestão/gestão-com-magia-como-adaptamos-o-scrum-ao-nosso mundo real.html]
[www.jjconsulting.com.br/public/blog/article/18/Atigo1-Blog-JJ.png]
[www.jjconsulting.com.br/pt-br/blog/author/jm.html]
[www.jjconsulting.com.br/pt-br/blog/author/beatriz.html]
[www.jjconsulting.com.br/pt-br/blog/author/ygor.html]
[www.jjconsulting.com.br/pt-br/blog/banco-de-dados/overpartitionsql.html]
[www.jjconsulting.com.br/pt-br/blog/programacao/expressoes.html]
[www.jjconsulting.com.br/public/blog/article/7/NCalc.png]
[www.jjconsulting.com.br/pt-br/blog/author/lucio.html]
[www.jjconsulting.com.br/pt-br/blog/arquitetura-de-software/dicionario-de-dados.html]
[www.jjconsulting.com.br/public/blog/article/1/masterdata_blog.png]
[www.jjconsulting.com.br/public/blog/author/1/me.jpg]
[www.jjconsulting.com.br/public/blog/author/3/ProfilePicture.jpg]
[www.jjconsulting.com.br/public/blog/author/38/me02.png]
[www.jjconsulting.com.br/public/blog/author/39/Screenshot_1.png]
[www.jjconsulting.com.br/public/blog/author/40/foto_perfil_jm.png]
[www.jjconsulting.com.br/public/blog/author/41/Screenshot_1.png]
[www.jjconsulting.com.br/public/blog/author/42/ProfilePicture.png]
[www.jjconsulting.com.br/public/blog/author/43/1576359378768.png]
[www.jjconsulting.com.br/public/blog/author/44/Cobrinha.png]
[www.jjconsulting.com.br/pt-br/blog/category/arquitetura-de-software.html]
[www.jjconsulting.com.br/pt-br/blog/category/programacao.html]
[www.jjconsulting.com.br/pt-br/blog/category/produtividade-e-ferramentas-digitais.html]
[www.jjconsulting.com.br/pt-br/blog/category/banco-de-dados.html]
[www.jjconsulting.com.br/pt-br/blog.html]
[www.jjconsulting.com.br/pt-br/blog/category/gestão.html]
[www.jjconsulting.com.br/images/consultoria-ti.webp]
[www.jjconsulting.com.br/pt-br/projetos-de-software.html]
[www.jjconsulting.com.br/images/products/JJMasterData-Celular.webp]
[www.jjconsulting.com.br/images/products/Websales_print_1.webp]
[www.jjconsulting.com.br/images/video_websales_thumbnail.png]
[www.jjconsulting.com.br/images/websales-devices.webp]
[www.jjconsulting.com.br/pt-br/produtos/sistema-de-vendas-para-empresas.html]
[www.jjconsulting.com.br/images/products/logo/JJMasterDataLogo_laranj_branco.webp]
[www.jjconsulting.com.br/images/products/JJMasterDataLogo.webp]
[www.jjconsulting.com.br/images/dotnet.webp]
[www.jjconsulting.com.br/images/component_overview_example.webp]
[www.jjconsulting.com.br/pt-br/produtos/dicionario-de-dados.html]
[www.jjconsulting.com.br/images/products/logo/JJIntegration-Branco.webp]
[www.jjconsulting.com.br/pt-br/produtos/integracao-de-dados.html]
[www.jjconsulting.com.br/index.html]
[www.jjconsulting.com.br/css/img/bg-img/bg-2.html]
[www.jjconsulting.com.br/css/img/jj-bg.html]
[www.jjconsulting.com.br/infinity/vendors/simplebar/simplebar.min.css]
[www.jjconsulting.com.br/infinity/_content/JJMasterData.Web/css/webfonts/fa-brands-400.woff2]
[www.jjconsulting.com.br/infinity/_content/JJMasterData.Web/css/webfonts/fa-brands-400.ttf]
[www.jjconsulting.com.br/infinity/_content/JJMasterData.Web/css/webfonts/fa-regular-400.woff2]
[www.jjconsulting.com.br/infinity/_content/JJMasterData.Web/css/webfonts/fa-regular-400.ttf]
[www.jjconsulting.com.br/infinity/_content/JJMasterData.Web/css/webfonts/fa-solid-900.woff2]
[www.jjconsulting.com.br/infinity/_content/JJMasterData.Web/css/webfonts/fa-solid-900.ttf]
[www.jjconsulting.com.br/infinity/_content/JJMasterData.Web/css/webfonts/fa-v4compatibility.woff2]
[www.jjconsulting.com.br/infinity/_content/JJMasterData.Web/css/webfonts/fa-v4compatibility.ttf]
[www.jjconsulting.com.br/infinity/_content/JJMasterData.Web/css/fontawesome/all.min.css]
[www.jjconsulting.com.br/infinity/_content/JJMasterData.Web/css/fontawesome/v4-font-face.min.css]
[www.jjconsulting.com.br/infinity/_content/JJMasterData.Web/css/fontawesome/v4-shims.min.css]
[www.jjconsulting.com.br/infinity/vendors/dropzone/dropzone.min.css]
[www.jjconsulting.com.br/infinity/vendors/flatpickr/flatpickr.min.css]
[www.jjconsulting.com.br/infinity/_content/JJMasterData.Web/css/bootstrap/bootstrap-select.css]
[www.jjconsulting.com.br/infinity/css/phoenix-tags-input.css]
[www.jjconsulting.com.br/images/LoadingIndicator.ca.delayed]
[www.jjconsulting.com.br/infinity/css/infinity696c.css]
[www.jjconsulting.com.br/infinity/flags/4x3/xx.svg]
[www.jjconsulting.com.br/infinity/flags/1x1/xx.svg]
[www.jjconsulting.com.br/infinity/flags/4x3/ad.svg]
[www.jjconsulting.com.br/infinity/flags/1x1/ad.svg]
[www.jjconsulting.com.br/infinity/flags/4x3/ae.svg]
[www.jjconsulting.com.br/infinity/flags/1x1/ae.svg]
[www.jjconsulting.com.br/infinity/flags/4x3/af.svg]
[www.jjconsulting.com.br/infinity/flags/1x1/af.svg]
[www.jjconsulting.com.br/infinity/flags/4x3/ag.svg]
[www.jjconsulting.com.br/infinity/flags/1x1/ag.svg]
[www.jjconsulting.com.br/infinity/flags/4x3/ai.svg]
[www.jjconsulting.com.br/infinity/flags/1x1/ai.svg]
[www.jjconsulting.com.br/infinity/flags/4x3/al.svg]
[www.jjconsulting.com.br/infinity/flags/1x1/al.svg]
[www.jjconsulting.com.br/infinity/flags/4x3/am.svg]
[www.jjconsulting.com.br/infinity/flags/1x1/am.svg]
[www.jjconsulting.com.br/infinity/flags/4x3/ao.svg]
[www.jjconsulting.com.br/infinity/flags/1x1/ao.svg]
[www.jjconsulting.com.br/infinity/flags/4x3/aq.svg]
[www.jjconsulting.com.br/infinity/flags/1x1/aq.svg]
[www.jjconsulting.com.br/infinity/flags/4x3/ar.svg]
[www.jjconsulting.com.br/infinity/flags/1x1/ar.svg]
[www.jjconsulting.com.br/infinity/flags/4x3/as.svg]
[www.jjconsulting.com.br/infinity/flags/1x1/as.svg]
[www.jjconsulting.com.br/infinity/flags/4x3/at.svg]
[www.jjconsulting.com.br/infinity/flags/1x1/at.svg]
[www.jjconsulting.com.br/infinity/flags/4x3/au.svg]
[www.jjconsulting.com.br/infinity/flags/1x1/au.svg]
[www.jjconsulting.com.br/infinity/flags/4x3/aw.svg]
[www.jjconsulting.com.br/infinity/flags/1x1/aw.svg]
[www.jjconsulting.com.br/infinity/flags/4x3/ax.svg]
[www.jjconsulting.com.br/infinity/flags/1x1/ax.svg]
[www.jjconsulting.com.br/infinity/flags/4x3/az.svg]
[www.jjconsulting.com.br/infinity/flags/1x1/az.svg]
[www.jjconsulting.com.br/infinity/flags/4x3/ba.svg]
[www.jjconsulting.com.br/infinity/flags/1x1/ba.svg]
[www.jjconsulting.com.br/infinity/flags/4x3/bb.svg]
[www.jjconsulting.com.br/infinity/flags/1x1/bb.svg]
[www.jjconsulting.com.br/infinity/flags/4x3/bd.svg]
[www.jjconsulting.com.br/infinity/flags/1x1/bd.svg]
[www.jjconsulting.com.br/infinity/flags/4x3/be.svg]
[www.jjconsulting.com.br/infinity/flags/1x1/be.svg]
[www.jjconsulting.com.br/infinity/flags/4x3/bf.svg]
[www.jjconsulting.com.br/infinity/flags/1x1/bf.svg]
[www.jjconsulting.com.br/infinity/flags/4x3/bg.svg]
[www.jjconsulting.com.br/infinity/flags/1x1/bg.svg]
[www.jjconsulting.com.br/infinity/flags/4x3/bh.svg]
[www.jjconsulting.com.br/infinity/flags/1x1/bh.svg]
[www.jjconsulting.com.br/infinity/flags/4x3/bi.svg]
[www.jjconsulting.com.br/infinity/flags/1x1/bi.svg]
[www.jjconsulting.com.br/infinity/flags/4x3/bj.svg]
[www.jjconsulting.com.br/infinity/flags/1x1/bj.svg]
[www.jjconsulting.com.br/infinity/flags/4x3/bl.svg]
[www.jjconsulting.com.br/infinity/flags/1x1/bl.svg]
[www.jjconsulting.com.br/infinity/flags/4x3/bm.svg]
[www.jjconsulting.com.br/infinity/flags/1x1/bm.svg]
[www.jjconsulting.com.br/infinity/flags/4x3/bn.svg]
[www.jjconsulting.com.br/infinity/flags/1x1/bn.svg]
[www.jjconsulting.com.br/infinity/flags/4x3/bo.svg]
[www.jjconsulting.com.br/infinity/flags/1x1/bo.svg]
[www.jjconsulting.com.br/infinity/flags/4x3/bq.svg]
[www.jjconsulting.com.br/infinity/flags/1x1/bq.svg]
[www.jjconsulting.com.br/infinity/flags/4x3/br.svg]
[www.jjconsulting.com.br/infinity/flags/1x1/br.svg]
[www.jjconsulting.com.br/infinity/flags/4x3/bs.svg]
[www.jjconsulting.com.br/infinity/flags/1x1/bs.svg]
[www.jjconsulting.com.br/infinity/flags/4x3/bt.svg]
[www.jjconsulting.com.br/infinity/flags/1x1/bt.svg]
[www.jjconsulting.com.br/infinity/flags/4x3/bv.svg]
[www.jjconsulting.com.br/infinity/flags/1x1/bv.svg]
[www.jjconsulting.com.br/infinity/flags/4x3/bw.svg]
[www.jjconsulting.com.br/infinity/flags/1x1/bw.svg]
[www.jjconsulting.com.br/infinity/flags/4x3/by.svg]
[www.jjconsulting.com.br/infinity/flags/1x1/by.svg]
[www.jjconsulting.com.br/infinity/flags/4x3/bz.svg]
[www.jjconsulting.com.br/infinity/flags/1x1/bz.svg]
[www.jjconsulting.com.br/infinity/flags/4x3/ca.svg]
[www.jjconsulting.com.br/infinity/flags/1x1/ca.svg]
[www.jjconsulting.com.br/infinity/flags/4x3/cc.svg]
[www.jjconsulting.com.br/infinity/flags/1x1/cc.svg]
[www.jjconsulting.com.br/infinity/flags/4x3/cd.svg]
[www.jjconsulting.com.br/infinity/flags/1x1/cd.svg]
[www.jjconsulting.com.br/infinity/flags/4x3/cf.svg]
[www.jjconsulting.com.br/infinity/flags/1x1/cf.svg]
[www.jjconsulting.com.br/infinity/flags/4x3/cg.svg]
[www.jjconsulting.com.br/infinity/flags/1x1/cg.svg]
[www.jjconsulting.com.br/infinity/flags/4x3/ch.svg]
[www.jjconsulting.com.br/infinity/flags/1x1/ch.svg]
[www.jjconsulting.com.br/infinity/flags/4x3/ci.svg]
[www.jjconsulting.com.br/infinity/flags/1x1/ci.svg]
[www.jjconsulting.com.br/infinity/flags/4x3/ck.svg]
[www.jjconsulting.com.br/infinity/flags/1x1/ck.svg]
[www.jjconsulting.com.br/infinity/flags/4x3/cl.svg]
[www.jjconsulting.com.br/infinity/flags/1x1/cl.svg]
[www.jjconsulting.com.br/infinity/flags/4x3/cm.svg]
[www.jjconsulting.com.br/infinity/flags/1x1/cm.svg]
[www.jjconsulting.com.br/infinity/flags/4x3/cn.svg]
[www.jjconsulting.com.br/infinity/flags/1x1/cn.svg]
[www.jjconsulting.com.br/infinity/flags/4x3/co.svg]
[www.jjconsulting.com.br/infinity/flags/1x1/co.svg]
[www.jjconsulting.com.br/infinity/flags/4x3/cr.svg]
[www.jjconsulting.com.br/infinity/flags/1x1/cr.svg]
[www.jjconsulting.com.br/infinity/flags/4x3/cu.svg]
[www.jjconsulting.com.br/infinity/flags/1x1/cu.svg]
[www.jjconsulting.com.br/infinity/flags/4x3/cv.svg]
[www.jjconsulting.com.br/infinity/flags/1x1/cv.svg]
[www.jjconsulting.com.br/infinity/flags/4x3/cw.svg]
[www.jjconsulting.com.br/infinity/flags/1x1/cw.svg]
[www.jjconsulting.com.br/infinity/flags/4x3/cx.svg]
[www.jjconsulting.com.br/infinity/flags/1x1/cx.svg]
[www.jjconsulting.com.br/infinity/flags/4x3/cy.svg]
[www.jjconsulting.com.br/infinity/flags/1x1/cy.svg]
[www.jjconsulting.com.br/infinity/flags/4x3/cz.svg]
[www.jjconsulting.com.br/infinity/flags/1x1/cz.svg]
[www.jjconsulting.com.br/infinity/flags/4x3/de.svg]
[www.jjconsulting.com.br/infinity/flags/1x1/de.svg]
[www.jjconsulting.com.br/infinity/flags/4x3/dj.svg]
[www.jjconsulting.com.br/infinity/flags/1x1/dj.svg]
[www.jjconsulting.com.br/infinity/flags/4x3/dk.svg]
[www.jjconsulting.com.br/infinity/flags/1x1/dk.svg]
[www.jjconsulting.com.br/infinity/flags/4x3/dm.svg]
[www.jjconsulting.com.br/infinity/flags/1x1/dm.svg]
[www.jjconsulting.com.br/infinity/flags/4x3/do.svg]
[www.jjconsulting.com.br/infinity/flags/1x1/do.svg]
[www.jjconsulting.com.br/infinity/flags/4x3/dz.svg]
[www.jjconsulting.com.br/infinity/flags/1x1/dz.svg]
[www.jjconsulting.com.br/infinity/flags/4x3/ec.svg]
[www.jjconsulting.com.br/infinity/flags/1x1/ec.svg]
[www.jjconsulting.com.br/infinity/flags/4x3/ee.svg]
[www.jjconsulting.com.br/infinity/flags/1x1/ee.svg]
[www.jjconsulting.com.br/infinity/flags/4x3/eg.svg]
[www.jjconsulting.com.br/infinity/flags/1x1/eg.svg]
[www.jjconsulting.com.br/infinity/flags/4x3/eh.svg]
[www.jjconsulting.com.br/infinity/flags/1x1/eh.svg]
[www.jjconsulting.com.br/infinity/flags/4x3/er.svg]
[www.jjconsulting.com.br/infinity/flags/1x1/er.svg]
[www.jjconsulting.com.br/infinity/flags/4x3/es.svg]
[www.jjconsulting.com.br/infinity/flags/1x1/es.svg]
[www.jjconsulting.com.br/infinity/flags/4x3/et.svg]
[www.jjconsulting.com.br/infinity/flags/1x1/et.svg]
[www.jjconsulting.com.br/infinity/flags/4x3/fi.svg]
[www.jjconsulting.com.br/infinity/flags/1x1/fi.svg]
[www.jjconsulting.com.br/infinity/flags/4x3/fj.svg]
[www.jjconsulting.com.br/infinity/flags/1x1/fj.svg]
[www.jjconsulting.com.br/infinity/flags/4x3/fk.svg]
[www.jjconsulting.com.br/infinity/flags/1x1/fk.svg]
[www.jjconsulting.com.br/infinity/flags/4x3/fm.svg]
[www.jjconsulting.com.br/infinity/flags/1x1/fm.svg]
[www.jjconsulting.com.br/infinity/flags/4x3/fo.svg]
[www.jjconsulting.com.br/infinity/flags/1x1/fo.svg]
[www.jjconsulting.com.br/infinity/flags/4x3/fr.svg]
[www.jjconsulting.com.br/infinity/flags/1x1/fr.svg]
[www.jjconsulting.com.br/infinity/flags/4x3/ga.svg]
[www.jjconsulting.com.br/infinity/flags/1x1/ga.svg]
[www.jjconsulting.com.br/infinity/flags/4x3/gb.svg]
[www.jjconsulting.com.br/infinity/flags/1x1/gb.svg]
[www.jjconsulting.com.br/infinity/flags/4x3/gd.svg]
[www.jjconsulting.com.br/infinity/flags/1x1/gd.svg]
[www.jjconsulting.com.br/infinity/flags/4x3/ge.svg]
[www.jjconsulting.com.br/infinity/flags/1x1/ge.svg]
[www.jjconsulting.com.br/infinity/flags/4x3/gf.svg]
[www.jjconsulting.com.br/infinity/flags/1x1/gf.svg]
[www.jjconsulting.com.br/infinity/flags/4x3/gg.svg]
[www.jjconsulting.com.br/infinity/flags/1x1/gg.svg]
[www.jjconsulting.com.br/infinity/flags/4x3/gh.svg]
[www.jjconsulting.com.br/infinity/flags/1x1/gh.svg]
[www.jjconsulting.com.br/infinity/flags/4x3/gi.svg]
[www.jjconsulting.com.br/infinity/flags/1x1/gi.svg]
[www.jjconsulting.com.br/infinity/flags/4x3/gl.svg]
[www.jjconsulting.com.br/infinity/flags/1x1/gl.svg]
[www.jjconsulting.com.br/infinity/flags/4x3/gm.svg]
[www.jjconsulting.com.br/infinity/flags/1x1/gm.svg]
[www.jjconsulting.com.br/infinity/flags/4x3/gn.svg]
[www.jjconsulting.com.br/infinity/flags/1x1/gn.svg]
[www.jjconsulting.com.br/infinity/flags/4x3/gp.svg]
[www.jjconsulting.com.br/infinity/flags/1x1/gp.svg]
[www.jjconsulting.com.br/infinity/flags/4x3/gq.svg]
[www.jjconsulting.com.br/infinity/flags/1x1/gq.svg]
[www.jjconsulting.com.br/infinity/flags/4x3/gr.svg]
[www.jjconsulting.com.br/infinity/flags/1x1/gr.svg]
[www.jjconsulting.com.br/infinity/flags/4x3/gs.svg]
[www.jjconsulting.com.br/infinity/flags/1x1/gs.svg]
[www.jjconsulting.com.br/infinity/flags/4x3/gt.svg]
[www.jjconsulting.com.br/infinity/flags/1x1/gt.svg]
[www.jjconsulting.com.br/infinity/flags/4x3/gu.svg]
[www.jjconsulting.com.br/infinity/flags/1x1/gu.svg]
[www.jjconsulting.com.br/infinity/flags/4x3/gw.svg]
[www.jjconsulting.com.br/infinity/flags/1x1/gw.svg]
[www.jjconsulting.com.br/infinity/flags/4x3/gy.svg]
[www.jjconsulting.com.br/infinity/flags/1x1/gy.svg]
[www.jjconsulting.com.br/infinity/flags/4x3/hk.svg]
[www.jjconsulting.com.br/infinity/flags/1x1/hk.svg]
[www.jjconsulting.com.br/infinity/flags/4x3/hm.svg]
[www.jjconsulting.com.br/infinity/flags/1x1/hm.svg]
[www.jjconsulting.com.br/infinity/flags/4x3/hn.svg]
[www.jjconsulting.com.br/infinity/flags/1x1/hn.svg]
[www.jjconsulting.com.br/infinity/flags/4x3/hr.svg]
[www.jjconsulting.com.br/infinity/flags/1x1/hr.svg]
[www.jjconsulting.com.br/infinity/flags/4x3/ht.svg]
[www.jjconsulting.com.br/infinity/flags/1x1/ht.svg]
[www.jjconsulting.com.br/infinity/flags/4x3/hu.svg]
[www.jjconsulting.com.br/infinity/flags/1x1/hu.svg]
[www.jjconsulting.com.br/infinity/flags/4x3/id.svg]
[www.jjconsulting.com.br/infinity/flags/1x1/id.svg]
[www.jjconsulting.com.br/infinity/flags/4x3/ie.svg]
[www.jjconsulting.com.br/infinity/flags/1x1/ie.svg]
[www.jjconsulting.com.br/infinity/flags/4x3/il.svg]
[www.jjconsulting.com.br/infinity/flags/1x1/il.svg]
[www.jjconsulting.com.br/infinity/flags/4x3/im.svg]
[www.jjconsulting.com.br/infinity/flags/1x1/im.svg]
[www.jjconsulting.com.br/infinity/flags/4x3/in.svg]
[www.jjconsulting.com.br/infinity/flags/1x1/in.svg]
[www.jjconsulting.com.br/infinity/flags/4x3/io.svg]
[www.jjconsulting.com.br/infinity/flags/1x1/io.svg]
[www.jjconsulting.com.br/infinity/flags/4x3/iq.svg]
[www.jjconsulting.com.br/infinity/flags/1x1/iq.svg]
[www.jjconsulting.com.br/infinity/flags/4x3/ir.svg]
[www.jjconsulting.com.br/infinity/flags/1x1/ir.svg]
[www.jjconsulting.com.br/infinity/flags/4x3/is.svg]
[www.jjconsulting.com.br/infinity/flags/1x1/is.svg]
[www.jjconsulting.com.br/infinity/flags/4x3/it.svg]
[www.jjconsulting.com.br/infinity/flags/1x1/it.svg]
[www.jjconsulting.com.br/infinity/flags/4x3/je.svg]
[www.jjconsulting.com.br/infinity/flags/1x1/je.svg]
[www.jjconsulting.com.br/infinity/flags/4x3/jm.svg]
[www.jjconsulting.com.br/infinity/flags/1x1/jm.svg]
[www.jjconsulting.com.br/infinity/flags/4x3/jo.svg]
[www.jjconsulting.com.br/infinity/flags/1x1/jo.svg]
[www.jjconsulting.com.br/infinity/flags/4x3/jp.svg]
[www.jjconsulting.com.br/infinity/flags/1x1/jp.svg]
[www.jjconsulting.com.br/infinity/flags/4x3/ke.svg]
[www.jjconsulting.com.br/infinity/flags/1x1/ke.svg]
[www.jjconsulting.com.br/infinity/flags/4x3/kg.svg]
[www.jjconsulting.com.br/infinity/flags/1x1/kg.svg]
[www.jjconsulting.com.br/infinity/flags/4x3/kh.svg]
[www.jjconsulting.com.br/infinity/flags/1x1/kh.svg]
[www.jjconsulting.com.br/infinity/flags/4x3/ki.svg]
[www.jjconsulting.com.br/infinity/flags/1x1/ki.svg]
[www.jjconsulting.com.br/infinity/flags/4x3/km.svg]
[www.jjconsulting.com.br/infinity/flags/1x1/km.svg]
[www.jjconsulting.com.br/infinity/flags/4x3/kn.svg]
[www.jjconsulting.com.br/infinity/flags/1x1/kn.svg]
[www.jjconsulting.com.br/infinity/flags/4x3/kp.svg]
[www.jjconsulting.com.br/infinity/flags/1x1/kp.svg]
[www.jjconsulting.com.br/infinity/flags/4x3/kr.svg]
[www.jjconsulting.com.br/infinity/flags/1x1/kr.svg]
[www.jjconsulting.com.br/infinity/flags/4x3/kw.svg]
[www.jjconsulting.com.br/infinity/flags/1x1/kw.svg]
[www.jjconsulting.com.br/infinity/flags/4x3/ky.svg]
[www.jjconsulting.com.br/infinity/flags/1x1/ky.svg]
[www.jjconsulting.com.br/infinity/flags/4x3/kz.svg]
[www.jjconsulting.com.br/infinity/flags/1x1/kz.svg]
[www.jjconsulting.com.br/infinity/flags/4x3/la.svg]
[www.jjconsulting.com.br/infinity/flags/1x1/la.svg]
[www.jjconsulting.com.br/infinity/flags/4x3/lb.svg]
[www.jjconsulting.com.br/infinity/flags/1x1/lb.svg]
[www.jjconsulting.com.br/infinity/flags/4x3/lc.svg]
[www.jjconsulting.com.br/infinity/flags/1x1/lc.svg]
[www.jjconsulting.com.br/infinity/flags/4x3/li.svg]
[www.jjconsulting.com.br/infinity/flags/1x1/li.svg]
[www.jjconsulting.com.br/infinity/flags/4x3/lk.svg]
[www.jjconsulting.com.br/infinity/flags/1x1/lk.svg]
[www.jjconsulting.com.br/infinity/flags/4x3/lr.svg]
[www.jjconsulting.com.br/infinity/flags/1x1/lr.svg]
[www.jjconsulting.com.br/infinity/flags/4x3/ls.svg]
[www.jjconsulting.com.br/infinity/flags/1x1/ls.svg]
[www.jjconsulting.com.br/infinity/flags/4x3/lt.svg]
[www.jjconsulting.com.br/infinity/flags/1x1/lt.svg]
[www.jjconsulting.com.br/infinity/flags/4x3/lu.svg]
[www.jjconsulting.com.br/infinity/flags/1x1/lu.svg]
[www.jjconsulting.com.br/infinity/flags/4x3/lv.svg]
[www.jjconsulting.com.br/infinity/flags/1x1/lv.svg]
[www.jjconsulting.com.br/infinity/flags/4x3/ly.svg]
[www.jjconsulting.com.br/infinity/flags/1x1/ly.svg]
[www.jjconsulting.com.br/infinity/flags/4x3/ma.svg]
[www.jjconsulting.com.br/infinity/flags/1x1/ma.svg]
[www.jjconsulting.com.br/infinity/flags/4x3/mc.svg]
[www.jjconsulting.com.br/infinity/flags/1x1/mc.svg]
[www.jjconsulting.com.br/infinity/flags/4x3/md.svg]
[www.jjconsulting.com.br/infinity/flags/1x1/md.svg]
[www.jjconsulting.com.br/infinity/flags/4x3/me.svg]
[www.jjconsulting.com.br/infinity/flags/1x1/me.svg]
[www.jjconsulting.com.br/infinity/flags/4x3/mf.svg]
[www.jjconsulting.com.br/infinity/flags/1x1/mf.svg]
[www.jjconsulting.com.br/infinity/flags/4x3/mg.svg]
[www.jjconsulting.com.br/infinity/flags/1x1/mg.svg]
[www.jjconsulting.com.br/infinity/flags/4x3/mh.svg]
[www.jjconsulting.com.br/infinity/flags/1x1/mh.svg]
[www.jjconsulting.com.br/infinity/flags/4x3/mk.svg]
[www.jjconsulting.com.br/infinity/flags/1x1/mk.svg]
[www.jjconsulting.com.br/infinity/flags/4x3/ml.svg]
[www.jjconsulting.com.br/infinity/flags/1x1/ml.svg]
[www.jjconsulting.com.br/infinity/flags/4x3/mm.svg]
[www.jjconsulting.com.br/infinity/flags/1x1/mm.svg]
[www.jjconsulting.com.br/infinity/flags/4x3/mn.svg]
[www.jjconsulting.com.br/infinity/flags/1x1/mn.svg]
[www.jjconsulting.com.br/infinity/flags/4x3/mo.svg]
[www.jjconsulting.com.br/infinity/flags/1x1/mo.svg]
[www.jjconsulting.com.br/infinity/flags/4x3/mp.svg]
[www.jjconsulting.com.br/infinity/flags/1x1/mp.svg]
[www.jjconsulting.com.br/infinity/flags/4x3/mq.svg]
[www.jjconsulting.com.br/infinity/flags/1x1/mq.svg]
[www.jjconsulting.com.br/infinity/flags/4x3/mr.svg]
[www.jjconsulting.com.br/infinity/flags/1x1/mr.svg]
[www.jjconsulting.com.br/infinity/flags/4x3/ms.svg]
[www.jjconsulting.com.br/infinity/flags/1x1/ms.svg]
[www.jjconsulting.com.br/infinity/flags/4x3/mt.svg]
[www.jjconsulting.com.br/infinity/flags/1x1/mt.svg]
[www.jjconsulting.com.br/infinity/flags/4x3/mu.svg]
[www.jjconsulting.com.br/infinity/flags/1x1/mu.svg]
[www.jjconsulting.com.br/infinity/flags/4x3/mv.svg]
[www.jjconsulting.com.br/infinity/flags/1x1/mv.svg]
[www.jjconsulting.com.br/infinity/flags/4x3/mw.svg]
[www.jjconsulting.com.br/infinity/flags/1x1/mw.svg]
[www.jjconsulting.com.br/infinity/flags/4x3/mx.svg]
[www.jjconsulting.com.br/infinity/flags/1x1/mx.svg]
[www.jjconsulting.com.br/infinity/flags/4x3/my.svg]
[www.jjconsulting.com.br/infinity/flags/1x1/my.svg]
[www.jjconsulting.com.br/infinity/flags/4x3/mz.svg]
[www.jjconsulting.com.br/infinity/flags/1x1/mz.svg]
[www.jjconsulting.com.br/infinity/flags/4x3/na.svg]
[www.jjconsulting.com.br/infinity/flags/1x1/na.svg]
[www.jjconsulting.com.br/infinity/flags/4x3/nc.svg]
[www.jjconsulting.com.br/infinity/flags/1x1/nc.svg]
[www.jjconsulting.com.br/infinity/flags/4x3/ne.svg]
[www.jjconsulting.com.br/infinity/flags/1x1/ne.svg]
[www.jjconsulting.com.br/infinity/flags/4x3/nf.svg]
[www.jjconsulting.com.br/infinity/flags/1x1/nf.svg]
[www.jjconsulting.com.br/infinity/flags/4x3/ng.svg]
[www.jjconsulting.com.br/infinity/flags/1x1/ng.svg]
[www.jjconsulting.com.br/infinity/flags/4x3/ni.svg]
[www.jjconsulting.com.br/infinity/flags/1x1/ni.svg]
[www.jjconsulting.com.br/infinity/flags/4x3/nl.svg]
[www.jjconsulting.com.br/infinity/flags/1x1/nl.svg]
[www.jjconsulting.com.br/infinity/flags/4x3/no.svg]
[www.jjconsulting.com.br/infinity/flags/1x1/no.svg]
[www.jjconsulting.com.br/infinity/flags/4x3/np.svg]
[www.jjconsulting.com.br/infinity/flags/1x1/np.svg]
[www.jjconsulting.com.br/infinity/flags/4x3/nr.svg]
[www.jjconsulting.com.br/infinity/flags/1x1/nr.svg]
[www.jjconsulting.com.br/infinity/flags/4x3/nu.svg]
[www.jjconsulting.com.br/infinity/flags/1x1/nu.svg]
[www.jjconsulting.com.br/infinity/flags/4x3/nz.svg]
[www.jjconsulting.com.br/infinity/flags/1x1/nz.svg]
[www.jjconsulting.com.br/infinity/flags/4x3/om.svg]
[www.jjconsulting.com.br/infinity/flags/1x1/om.svg]
[www.jjconsulting.com.br/infinity/flags/4x3/pa.svg]
[www.jjconsulting.com.br/infinity/flags/1x1/pa.svg]
[www.jjconsulting.com.br/infinity/flags/4x3/pe.svg]
[www.jjconsulting.com.br/infinity/flags/1x1/pe.svg]
[www.jjconsulting.com.br/infinity/flags/4x3/pf.svg]
[www.jjconsulting.com.br/infinity/flags/1x1/pf.svg]
[www.jjconsulting.com.br/infinity/flags/4x3/pg.svg]
[www.jjconsulting.com.br/infinity/flags/1x1/pg.svg]
[www.jjconsulting.com.br/infinity/flags/4x3/ph.svg]
[www.jjconsulting.com.br/infinity/flags/1x1/ph.svg]
[www.jjconsulting.com.br/infinity/flags/4x3/pk.svg]
[www.jjconsulting.com.br/infinity/flags/1x1/pk.svg]
[www.jjconsulting.com.br/infinity/flags/4x3/pl.svg]
[www.jjconsulting.com.br/infinity/flags/1x1/pl.svg]
[www.jjconsulting.com.br/infinity/flags/4x3/pm.svg]
[www.jjconsulting.com.br/infinity/flags/1x1/pm.svg]
[www.jjconsulting.com.br/infinity/flags/4x3/pn.svg]
[www.jjconsulting.com.br/infinity/flags/1x1/pn.svg]
[www.jjconsulting.com.br/infinity/flags/4x3/pr.svg]
[www.jjconsulting.com.br/infinity/flags/1x1/pr.svg]
[www.jjconsulting.com.br/infinity/flags/4x3/ps.svg]
[www.jjconsulting.com.br/infinity/flags/1x1/ps.svg]
[www.jjconsulting.com.br/infinity/flags/4x3/pt.svg]
[www.jjconsulting.com.br/infinity/flags/1x1/pt.svg]
[www.jjconsulting.com.br/infinity/flags/4x3/pw.svg]
[www.jjconsulting.com.br/infinity/flags/1x1/pw.svg]
[www.jjconsulting.com.br/infinity/flags/4x3/py.svg]
[www.jjconsulting.com.br/infinity/flags/1x1/py.svg]
[www.jjconsulting.com.br/infinity/flags/4x3/qa.svg]
[www.jjconsulting.com.br/infinity/flags/1x1/qa.svg]
[www.jjconsulting.com.br/infinity/flags/4x3/re.svg]
[www.jjconsulting.com.br/infinity/flags/1x1/re.svg]
[www.jjconsulting.com.br/infinity/flags/4x3/ro.svg]
[www.jjconsulting.com.br/infinity/flags/1x1/ro.svg]
[www.jjconsulting.com.br/infinity/flags/4x3/rs.svg]
[www.jjconsulting.com.br/infinity/flags/1x1/rs.svg]
[www.jjconsulting.com.br/infinity/flags/4x3/ru.svg]
[www.jjconsulting.com.br/infinity/flags/1x1/ru.svg]
[www.jjconsulting.com.br/infinity/flags/4x3/rw.svg]
[www.jjconsulting.com.br/infinity/flags/1x1/rw.svg]
[www.jjconsulting.com.br/infinity/flags/4x3/sa.svg]
[www.jjconsulting.com.br/infinity/flags/1x1/sa.svg]
[www.jjconsulting.com.br/infinity/flags/4x3/sb.svg]
[www.jjconsulting.com.br/infinity/flags/1x1/sb.svg]
[www.jjconsulting.com.br/infinity/flags/4x3/sc.svg]
[www.jjconsulting.com.br/infinity/flags/1x1/sc.svg]
[www.jjconsulting.com.br/infinity/flags/4x3/sd.svg]
[www.jjconsulting.com.br/infinity/flags/1x1/sd.svg]
[www.jjconsulting.com.br/infinity/flags/4x3/se.svg]
[www.jjconsulting.com.br/infinity/flags/1x1/se.svg]
[www.jjconsulting.com.br/infinity/flags/4x3/sg.svg]
[www.jjconsulting.com.br/infinity/flags/1x1/sg.svg]
[www.jjconsulting.com.br/infinity/flags/4x3/sh.svg]
[www.jjconsulting.com.br/infinity/flags/1x1/sh.svg]
[www.jjconsulting.com.br/infinity/flags/4x3/si.svg]
[www.jjconsulting.com.br/infinity/flags/1x1/si.svg]
[www.jjconsulting.com.br/infinity/flags/4x3/sj.svg]
[www.jjconsulting.com.br/infinity/flags/1x1/sj.svg]
[www.jjconsulting.com.br/infinity/flags/4x3/sk.svg]
[www.jjconsulting.com.br/infinity/flags/1x1/sk.svg]
[www.jjconsulting.com.br/infinity/flags/4x3/sl.svg]
[www.jjconsulting.com.br/infinity/flags/1x1/sl.svg]
[www.jjconsulting.com.br/infinity/flags/4x3/sm.svg]
[www.jjconsulting.com.br/infinity/flags/1x1/sm.svg]
[www.jjconsulting.com.br/infinity/flags/4x3/sn.svg]
[www.jjconsulting.com.br/infinity/flags/1x1/sn.svg]
[www.jjconsulting.com.br/infinity/flags/4x3/so.svg]
[www.jjconsulting.com.br/infinity/flags/1x1/so.svg]
[www.jjconsulting.com.br/infinity/flags/4x3/sr.svg]
[www.jjconsulting.com.br/infinity/flags/1x1/sr.svg]
[www.jjconsulting.com.br/infinity/flags/4x3/ss.svg]
[www.jjconsulting.com.br/infinity/flags/1x1/ss.svg]
[www.jjconsulting.com.br/infinity/flags/4x3/st.svg]
[www.jjconsulting.com.br/infinity/flags/1x1/st.svg]
[www.jjconsulting.com.br/infinity/flags/4x3/sv.svg]
[www.jjconsulting.com.br/infinity/flags/1x1/sv.svg]
[www.jjconsulting.com.br/infinity/flags/4x3/sx.svg]
[www.jjconsulting.com.br/infinity/flags/1x1/sx.svg]
[www.jjconsulting.com.br/infinity/flags/4x3/sy.svg]
[www.jjconsulting.com.br/infinity/flags/1x1/sy.svg]
[www.jjconsulting.com.br/infinity/flags/4x3/sz.svg]
[www.jjconsulting.com.br/infinity/flags/1x1/sz.svg]
[www.jjconsulting.com.br/infinity/flags/4x3/tc.svg]
[www.jjconsulting.com.br/infinity/flags/1x1/tc.svg]
[www.jjconsulting.com.br/infinity/flags/4x3/td.svg]
[www.jjconsulting.com.br/infinity/flags/1x1/td.svg]
[www.jjconsulting.com.br/infinity/flags/4x3/tf.svg]
[www.jjconsulting.com.br/infinity/flags/1x1/tf.svg]
[www.jjconsulting.com.br/infinity/flags/4x3/tg.svg]
[www.jjconsulting.com.br/infinity/flags/1x1/tg.svg]
[www.jjconsulting.com.br/infinity/flags/4x3/th.svg]
[www.jjconsulting.com.br/infinity/flags/1x1/th.svg]
[www.jjconsulting.com.br/infinity/flags/4x3/tj.svg]
[www.jjconsulting.com.br/infinity/flags/1x1/tj.svg]
[www.jjconsulting.com.br/infinity/flags/4x3/tk.svg]
[www.jjconsulting.com.br/infinity/flags/1x1/tk.svg]
[www.jjconsulting.com.br/infinity/flags/4x3/tl.svg]
[www.jjconsulting.com.br/infinity/flags/1x1/tl.svg]
[www.jjconsulting.com.br/infinity/flags/4x3/tm.svg]
[www.jjconsulting.com.br/infinity/flags/1x1/tm.svg]
[www.jjconsulting.com.br/infinity/flags/4x3/tn.svg]
[www.jjconsulting.com.br/infinity/flags/1x1/tn.svg]
[www.jjconsulting.com.br/infinity/flags/4x3/to.svg]
[www.jjconsulting.com.br/infinity/flags/1x1/to.svg]
[www.jjconsulting.com.br/infinity/flags/4x3/tr.svg]
[www.jjconsulting.com.br/infinity/flags/1x1/tr.svg]
[www.jjconsulting.com.br/infinity/flags/4x3/tt.svg]
[www.jjconsulting.com.br/infinity/flags/1x1/tt.svg]
[www.jjconsulting.com.br/infinity/flags/4x3/tv.svg]
[www.jjconsulting.com.br/infinity/flags/1x1/tv.svg]
[www.jjconsulting.com.br/infinity/flags/4x3/tw.svg]
[www.jjconsulting.com.br/infinity/flags/1x1/tw.svg]
[www.jjconsulting.com.br/infinity/flags/4x3/tz.svg]
[www.jjconsulting.com.br/infinity/flags/1x1/tz.svg]
[www.jjconsulting.com.br/infinity/flags/4x3/ua.svg]
[www.jjconsulting.com.br/infinity/flags/1x1/ua.svg]
[www.jjconsulting.com.br/infinity/flags/4x3/ug.svg]
[www.jjconsulting.com.br/infinity/flags/1x1/ug.svg]
[www.jjconsulting.com.br/infinity/flags/4x3/um.svg]
[www.jjconsulting.com.br/infinity/flags/1x1/um.svg]
[www.jjconsulting.com.br/infinity/flags/4x3/us.svg]
[www.jjconsulting.com.br/infinity/flags/1x1/us.svg]
[www.jjconsulting.com.br/infinity/flags/4x3/uy.svg]
[www.jjconsulting.com.br/infinity/flags/1x1/uy.svg]
[www.jjconsulting.com.br/infinity/flags/4x3/uz.svg]
[www.jjconsulting.com.br/infinity/flags/1x1/uz.svg]
[www.jjconsulting.com.br/infinity/flags/4x3/va.svg]
[www.jjconsulting.com.br/infinity/flags/1x1/va.svg]
[www.jjconsulting.com.br/infinity/flags/4x3/vc.svg]
[www.jjconsulting.com.br/infinity/flags/1x1/vc.svg]
[www.jjconsulting.com.br/infinity/flags/4x3/ve.svg]
[www.jjconsulting.com.br/infinity/flags/1x1/ve.svg]
[www.jjconsulting.com.br/infinity/flags/4x3/vg.svg]
[www.jjconsulting.com.br/infinity/flags/1x1/vg.svg]
[www.jjconsulting.com.br/infinity/flags/4x3/vi.svg]
[www.jjconsulting.com.br/infinity/flags/1x1/vi.svg]
[www.jjconsulting.com.br/infinity/flags/4x3/vn.svg]
[www.jjconsulting.com.br/infinity/flags/1x1/vn.svg]
[www.jjconsulting.com.br/infinity/flags/4x3/vu.svg]
[www.jjconsulting.com.br/infinity/flags/1x1/vu.svg]
[www.jjconsulting.com.br/infinity/flags/4x3/wf.svg]
[www.jjconsulting.com.br/infinity/flags/1x1/wf.svg]
[www.jjconsulting.com.br/infinity/flags/4x3/ws.svg]
[www.jjconsulting.com.br/infinity/flags/1x1/ws.svg]
[www.jjconsulting.com.br/infinity/flags/4x3/ye.svg]
[www.jjconsulting.com.br/infinity/flags/1x1/ye.svg]
[www.jjconsulting.com.br/infinity/flags/4x3/yt.svg]
[www.jjconsulting.com.br/infinity/flags/1x1/yt.svg]
[www.jjconsulting.com.br/infinity/flags/4x3/za.svg]
[www.jjconsulting.com.br/infinity/flags/1x1/za.svg]
[www.jjconsulting.com.br/infinity/flags/4x3/zm.svg]
[www.jjconsulting.com.br/infinity/flags/1x1/zm.svg]
[www.jjconsulting.com.br/infinity/flags/4x3/zw.svg]
[www.jjconsulting.com.br/infinity/flags/1x1/zw.svg]
[www.jjconsulting.com.br/infinity/flags/4x3/arab.svg]
[www.jjconsulting.com.br/infinity/flags/1x1/arab.svg]
[www.jjconsulting.com.br/infinity/flags/4x3/asean.svg]
[www.jjconsulting.com.br/infinity/flags/1x1/asean.svg]
[www.jjconsulting.com.br/infinity/flags/4x3/cefta.svg]
[www.jjconsulting.com.br/infinity/flags/1x1/cefta.svg]
[www.jjconsulting.com.br/infinity/flags/4x3/cp.svg]
[www.jjconsulting.com.br/infinity/flags/1x1/cp.svg]
[www.jjconsulting.com.br/infinity/flags/4x3/dg.svg]
[www.jjconsulting.com.br/infinity/flags/1x1/dg.svg]
[www.jjconsulting.com.br/infinity/flags/4x3/eac.svg]
[www.jjconsulting.com.br/infinity/flags/1x1/eac.svg]
[www.jjconsulting.com.br/infinity/flags/4x3/es-ct.svg]
[www.jjconsulting.com.br/infinity/flags/1x1/es-ct.svg]
[www.jjconsulting.com.br/infinity/flags/4x3/es-ga.svg]
[www.jjconsulting.com.br/infinity/flags/1x1/es-ga.svg]
[www.jjconsulting.com.br/infinity/flags/4x3/es-pv.svg]
[www.jjconsulting.com.br/infinity/flags/1x1/es-pv.svg]
[www.jjconsulting.com.br/infinity/flags/4x3/eu.svg]
[www.jjconsulting.com.br/infinity/flags/1x1/eu.svg]
[www.jjconsulting.com.br/infinity/flags/4x3/gb-eng.svg]
[www.jjconsulting.com.br/infinity/flags/1x1/gb-eng.svg]
[www.jjconsulting.com.br/infinity/flags/4x3/gb-nir.svg]
[www.jjconsulting.com.br/infinity/flags/1x1/gb-nir.svg]
[www.jjconsulting.com.br/infinity/flags/4x3/gb-sct.svg]
[www.jjconsulting.com.br/infinity/flags/1x1/gb-sct.svg]
[www.jjconsulting.com.br/infinity/flags/4x3/gb-wls.svg]
[www.jjconsulting.com.br/infinity/flags/1x1/gb-wls.svg]
[www.jjconsulting.com.br/infinity/flags/4x3/ic.svg]
[www.jjconsulting.com.br/infinity/flags/1x1/ic.svg]
[www.jjconsulting.com.br/infinity/flags/4x3/pc.svg]
[www.jjconsulting.com.br/infinity/flags/1x1/pc.svg]
[www.jjconsulting.com.br/infinity/flags/4x3/sh-ac.svg]
[www.jjconsulting.com.br/infinity/flags/1x1/sh-ac.svg]
[www.jjconsulting.com.br/infinity/flags/4x3/sh-hl.svg]
[www.jjconsulting.com.br/infinity/flags/1x1/sh-hl.svg]
[www.jjconsulting.com.br/infinity/flags/4x3/sh-ta.svg]
[www.jjconsulting.com.br/infinity/flags/1x1/sh-ta.svg]
[www.jjconsulting.com.br/infinity/flags/4x3/un.svg]
[www.jjconsulting.com.br/infinity/flags/1x1/un.svg]
[www.jjconsulting.com.br/infinity/flags/4x3/xk.svg]
[www.jjconsulting.com.br/infinity/flags/1x1/xk.svg]
[www.jjconsulting.com.br/infinity/css/flags.css]
[www.jjconsulting.com.br/infinity/css/app-theme5bf9.css]
[www.jjconsulting.com.br/infinity/AppImages/Favicone91c.png]
[www.jjconsulting.com.br/infinity/AppImages/Backgrounde91c.jpg]
[www.jjconsulting.com.br/infinity/AppImages/Identitye91c.png]
[www.jjconsulting.com.br/infinity/Identity/ForgotPassword.html]
[www.jjconsulting.com.br/pt-br/index.html]
[www.jjconsulting.com.br/images/products/logo/Logo_WebsalesChat_branco.webp]
[www.jjconsulting.com.br/images/products/Websaleschat_tela_4_webp.webp]
[www.jjconsulting.com.br/images/products/Websaleschat_print_1.webp]
[www.jjconsulting.com.br/pt-br/produtos/chatbot.html]
[www.jjconsulting.com.br/images/products/jjinfinity-mockup.webp]
[www.jjconsulting.com.br/images/products/jjinfinity-mockup2.webp]
[www.jjconsulting.com.br/images/products/jjinfinity-mockup3.webp]
[www.jjconsulting.com.br/images/products/jjinfinity-mockup4.webp]
[www.jjconsulting.com.br/pt-br/produtos/portal-empresarial.html]
[cdnjs.cloudflare.com/ajax/libs/magnific-popup.js/1.1.0/magnific-popup.min.css]
[www.jjconsulting.com.br/css/magnific-popup.css]
[www.jjconsulting.com.br/_content/JJConsulting.Tech.Blog/css/blog.css]
[www.jjconsulting.com.br/_content/JJConsulting.Tech.Blog/css/article.css]
[www.jjconsulting.com.br/_content/JJConsulting.Tech.Blog/css/highlight.min.css]
[www.jjconsulting.com.br/pt-br/blog/programacao/programacao-orientada-a-objetos-the-last-of-us.html]
[www.jjconsulting.com.br/pt-br/blog/arquitetura-de-software/migrando-monolito-para-microsservicos.html]
[www.jjconsulting.com.br/_content/JJConsulting.Tech.Blog/js/highlight.min.js]
[www.jjconsulting.com.br/public/blog/article/15/images/criando-microsservicos-newman.jpg]
[www.jjconsulting.com.br/pt-br/blog/arquitetura-de-software/comunicacao-entre-microsservicos.html]
[www.jjconsulting.com.br/pt-br/blog/banco-de-dados/pesquisa.html]
[www.jjconsulting.com.br/pt-br/blog/produtividade-e-ferramentas-digitais/discord-no-mundo-corporativo.html]
[www.jjconsulting.com.br/pt-br/blog/author/rodrigo-macedo.html]
[www.jjconsulting.com.br/pt-br/blog/produtividade-e-ferramentas-digitais/ocr-flutter.html]
[www.jjconsulting.com.br/pt-br/blog/author/gumbarros.html]
[www.jjconsulting.com.br/pt-br/blog/programacao/yarp-banco-de-dados.html]
[www.jjconsulting.com.br/pt-br/blog/author/karina.html]
[www.jjconsulting.com.br/pt-br/blog/programacao/polimorfismo-com-entity-framework-star-wars.html]
[www.jjconsulting.com.br/pt-br/blog/author/ljmb.html]
[www.jjconsulting.com.br/pt-br/blog/programacao/linguagens-de-programacao-campeoes-de-arcane.html]
[www.jjconsulting.com.br/pt-br/blog/author/jv.html]
[www.jjconsulting.com.br/pt-br/blog/programacao/boas-praticas.html]
[www.jjconsulting.com.br/pt-br/blog/gestão/gestão-com-magia-como-adaptamos-o-scrum-ao-nosso mundo real.html]
[www.jjconsulting.com.br/pt-br/blog/author/jm.html]
[www.jjconsulting.com.br/pt-br/blog/author/beatriz.html]
[www.jjconsulting.com.br/pt-br/blog/author/ygor.html]
[www.jjconsulting.com.br/pt-br/blog/banco-de-dados/overpartitionsql.html]
[www.jjconsulting.com.br/pt-br/blog/programacao/expressoes.html]
[www.jjconsulting.com.br/pt-br/blog/author/lucio.html]
[www.jjconsulting.com.br/pt-br/blog/arquitetura-de-software/dicionario-de-dados.html]
[www.jjconsulting.com.br/pt-br/blog/category/arquitetura-de-software.html]
[www.jjconsulting.com.br/pt-br/blog/category/programacao.html]
[www.jjconsulting.com.br/pt-br/blog/category/produtividade-e-ferramentas-digitais.html]
[www.jjconsulting.com.br/pt-br/blog/category/banco-de-dados.html]
[www.jjconsulting.com.br/pt-br/blog/category/gestão.html]
[www.jjconsulting.com.br/docs/jjintegration/favicon.ico]
[www.jjconsulting.com.br/docs/jjintegration/public/docfx.min.js]
[www.jjconsulting.com.br/docs/jjintegration/logo.png]
[www.jjconsulting.com.br/docs/jjintegration/index.html]
[www.jjconsulting.com.br/images/LoadingIndicator.html]
[www.jjconsulting.com.br/infinity/flags/4x3/xx.svg]
[www.jjconsulting.com.br/infinity/flags/1x1/xx.svg]
[www.jjconsulting.com.br/infinity/flags/4x3/ad.svg]
[www.jjconsulting.com.br/infinity/flags/1x1/ad.svg]
[www.jjconsulting.com.br/infinity/flags/4x3/ae.svg]
[www.jjconsulting.com.br/infinity/flags/1x1/ae.svg]
[www.jjconsulting.com.br/infinity/flags/4x3/af.svg]
[www.jjconsulting.com.br/infinity/flags/1x1/af.svg]
[www.jjconsulting.com.br/infinity/flags/4x3/ag.svg]
[www.jjconsulting.com.br/infinity/flags/1x1/ag.svg]
[www.jjconsulting.com.br/infinity/flags/4x3/ai.svg]
[www.jjconsulting.com.br/infinity/flags/1x1/ai.svg]
[www.jjconsulting.com.br/infinity/flags/4x3/al.svg]
[www.jjconsulting.com.br/infinity/flags/1x1/al.svg]
[www.jjconsulting.com.br/infinity/flags/4x3/am.svg]
[www.jjconsulting.com.br/infinity/flags/1x1/am.svg]
[www.jjconsulting.com.br/infinity/flags/4x3/ao.svg]
[www.jjconsulting.com.br/infinity/flags/1x1/ao.svg]
[www.jjconsulting.com.br/infinity/flags/4x3/aq.svg]
[www.jjconsulting.com.br/infinity/flags/1x1/aq.svg]
[www.jjconsulting.com.br/infinity/flags/4x3/ar.svg]
[www.jjconsulting.com.br/infinity/flags/1x1/ar.svg]
[www.jjconsulting.com.br/infinity/flags/4x3/as.svg]
[www.jjconsulting.com.br/infinity/flags/1x1/as.svg]
[www.jjconsulting.com.br/infinity/flags/4x3/at.svg]
[www.jjconsulting.com.br/infinity/flags/1x1/at.svg]
[www.jjconsulting.com.br/infinity/flags/4x3/au.svg]
[www.jjconsulting.com.br/infinity/flags/1x1/au.svg]
[www.jjconsulting.com.br/infinity/flags/4x3/aw.svg]
[www.jjconsulting.com.br/infinity/flags/1x1/aw.svg]
[www.jjconsulting.com.br/infinity/flags/4x3/ax.svg]
[www.jjconsulting.com.br/infinity/flags/1x1/ax.svg]
[www.jjconsulting.com.br/infinity/flags/4x3/az.svg]
[www.jjconsulting.com.br/infinity/flags/1x1/az.svg]
[www.jjconsulting.com.br/infinity/flags/4x3/ba.svg]
[www.jjconsulting.com.br/infinity/flags/1x1/ba.svg]
[www.jjconsulting.com.br/infinity/flags/4x3/bb.svg]
[www.jjconsulting.com.br/infinity/flags/1x1/bb.svg]
[www.jjconsulting.com.br/infinity/flags/4x3/bd.svg]
[www.jjconsulting.com.br/infinity/flags/1x1/bd.svg]
[www.jjconsulting.com.br/infinity/flags/4x3/be.svg]
[www.jjconsulting.com.br/infinity/flags/1x1/be.svg]
[www.jjconsulting.com.br/infinity/flags/4x3/bf.svg]
[www.jjconsulting.com.br/infinity/flags/1x1/bf.svg]
[www.jjconsulting.com.br/infinity/flags/4x3/bg.svg]
[www.jjconsulting.com.br/infinity/flags/1x1/bg.svg]
[www.jjconsulting.com.br/infinity/flags/4x3/bh.svg]
[www.jjconsulting.com.br/infinity/flags/1x1/bh.svg]
[www.jjconsulting.com.br/infinity/flags/4x3/bi.svg]
[www.jjconsulting.com.br/infinity/flags/1x1/bi.svg]
[www.jjconsulting.com.br/infinity/flags/4x3/bj.svg]
[www.jjconsulting.com.br/infinity/flags/1x1/bj.svg]
[www.jjconsulting.com.br/infinity/flags/4x3/bl.svg]
[www.jjconsulting.com.br/infinity/flags/1x1/bl.svg]
[www.jjconsulting.com.br/infinity/flags/4x3/bm.svg]
[www.jjconsulting.com.br/infinity/flags/1x1/bm.svg]
[www.jjconsulting.com.br/infinity/flags/4x3/bn.svg]
[www.jjconsulting.com.br/infinity/flags/1x1/bn.svg]
[www.jjconsulting.com.br/infinity/flags/4x3/bo.svg]
[www.jjconsulting.com.br/infinity/flags/1x1/bo.svg]
[www.jjconsulting.com.br/infinity/flags/4x3/bq.svg]
[www.jjconsulting.com.br/infinity/flags/1x1/bq.svg]
[www.jjconsulting.com.br/infinity/flags/4x3/br.svg]
[www.jjconsulting.com.br/infinity/flags/1x1/br.svg]
[www.jjconsulting.com.br/infinity/flags/4x3/bs.svg]
[www.jjconsulting.com.br/infinity/flags/1x1/bs.svg]
[www.jjconsulting.com.br/infinity/flags/4x3/bt.svg]
[www.jjconsulting.com.br/infinity/flags/1x1/bt.svg]
[www.jjconsulting.com.br/infinity/flags/4x3/bv.svg]
[www.jjconsulting.com.br/infinity/flags/1x1/bv.svg]
[www.jjconsulting.com.br/infinity/flags/4x3/bw.svg]
[www.jjconsulting.com.br/infinity/flags/1x1/bw.svg]
[www.jjconsulting.com.br/infinity/flags/4x3/by.svg]
[www.jjconsulting.com.br/infinity/flags/1x1/by.svg]
[www.jjconsulting.com.br/infinity/flags/4x3/bz.svg]
[www.jjconsulting.com.br/infinity/flags/1x1/bz.svg]
[www.jjconsulting.com.br/infinity/flags/4x3/ca.svg]
[www.jjconsulting.com.br/infinity/flags/1x1/ca.svg]
[www.jjconsulting.com.br/infinity/flags/4x3/cc.svg]
[www.jjconsulting.com.br/infinity/flags/1x1/cc.svg]
[www.jjconsulting.com.br/infinity/flags/4x3/cd.svg]
[www.jjconsulting.com.br/infinity/flags/1x1/cd.svg]
[www.jjconsulting.com.br/infinity/flags/4x3/cf.svg]
[www.jjconsulting.com.br/infinity/flags/1x1/cf.svg]
[www.jjconsulting.com.br/infinity/flags/4x3/cg.svg]
[www.jjconsulting.com.br/infinity/flags/1x1/cg.svg]
[www.jjconsulting.com.br/infinity/flags/4x3/ch.svg]
[www.jjconsulting.com.br/infinity/flags/1x1/ch.svg]
[www.jjconsulting.com.br/infinity/flags/4x3/ci.svg]
[www.jjconsulting.com.br/infinity/flags/1x1/ci.svg]
[www.jjconsulting.com.br/infinity/flags/4x3/ck.svg]
[www.jjconsulting.com.br/infinity/flags/1x1/ck.svg]
[www.jjconsulting.com.br/infinity/flags/4x3/cl.svg]
[www.jjconsulting.com.br/infinity/flags/1x1/cl.svg]
[www.jjconsulting.com.br/infinity/flags/4x3/cm.svg]
[www.jjconsulting.com.br/infinity/flags/1x1/cm.svg]
[www.jjconsulting.com.br/infinity/flags/4x3/cn.svg]
[www.jjconsulting.com.br/infinity/flags/1x1/cn.svg]
[www.jjconsulting.com.br/infinity/flags/4x3/co.svg]
[www.jjconsulting.com.br/infinity/flags/1x1/co.svg]
[www.jjconsulting.com.br/infinity/flags/4x3/cr.svg]
[www.jjconsulting.com.br/infinity/flags/1x1/cr.svg]
[www.jjconsulting.com.br/infinity/flags/4x3/cu.svg]
[www.jjconsulting.com.br/infinity/flags/1x1/cu.svg]
[www.jjconsulting.com.br/infinity/flags/4x3/cv.svg]
[www.jjconsulting.com.br/infinity/flags/1x1/cv.svg]
[www.jjconsulting.com.br/infinity/flags/4x3/cw.svg]
[www.jjconsulting.com.br/infinity/flags/1x1/cw.svg]
[www.jjconsulting.com.br/infinity/flags/4x3/cx.svg]
[www.jjconsulting.com.br/infinity/flags/1x1/cx.svg]
[www.jjconsulting.com.br/infinity/flags/4x3/cy.svg]
[www.jjconsulting.com.br/infinity/flags/1x1/cy.svg]
[www.jjconsulting.com.br/infinity/flags/4x3/cz.svg]
[www.jjconsulting.com.br/infinity/flags/1x1/cz.svg]
[www.jjconsulting.com.br/infinity/flags/4x3/de.svg]
[www.jjconsulting.com.br/infinity/flags/1x1/de.svg]
[www.jjconsulting.com.br/infinity/flags/4x3/dj.svg]
[www.jjconsulting.com.br/infinity/flags/1x1/dj.svg]
[www.jjconsulting.com.br/infinity/flags/4x3/dk.svg]
[www.jjconsulting.com.br/infinity/flags/1x1/dk.svg]
[www.jjconsulting.com.br/infinity/flags/4x3/dm.svg]
[www.jjconsulting.com.br/infinity/flags/1x1/dm.svg]
[www.jjconsulting.com.br/infinity/flags/4x3/do.svg]
[www.jjconsulting.com.br/infinity/flags/1x1/do.svg]
[www.jjconsulting.com.br/infinity/flags/4x3/dz.svg]
[www.jjconsulting.com.br/infinity/flags/1x1/dz.svg]
[www.jjconsulting.com.br/infinity/flags/4x3/ec.svg]
[www.jjconsulting.com.br/infinity/flags/1x1/ec.svg]
[www.jjconsulting.com.br/infinity/flags/4x3/ee.svg]
[www.jjconsulting.com.br/infinity/flags/1x1/ee.svg]
[www.jjconsulting.com.br/infinity/flags/4x3/eg.svg]
[www.jjconsulting.com.br/infinity/flags/1x1/eg.svg]
[www.jjconsulting.com.br/infinity/flags/4x3/eh.svg]
[www.jjconsulting.com.br/infinity/flags/1x1/eh.svg]
[www.jjconsulting.com.br/infinity/flags/4x3/er.svg]
[www.jjconsulting.com.br/infinity/flags/1x1/er.svg]
[www.jjconsulting.com.br/infinity/flags/4x3/es.svg]
[www.jjconsulting.com.br/infinity/flags/1x1/es.svg]
[www.jjconsulting.com.br/infinity/flags/4x3/et.svg]
[www.jjconsulting.com.br/infinity/flags/1x1/et.svg]
[www.jjconsulting.com.br/infinity/flags/4x3/fi.svg]
[www.jjconsulting.com.br/infinity/flags/1x1/fi.svg]
[www.jjconsulting.com.br/infinity/flags/4x3/fj.svg]
[www.jjconsulting.com.br/infinity/flags/1x1/fj.svg]
[www.jjconsulting.com.br/infinity/flags/4x3/fk.svg]
[www.jjconsulting.com.br/infinity/flags/1x1/fk.svg]
[www.jjconsulting.com.br/infinity/flags/4x3/fm.svg]
[www.jjconsulting.com.br/infinity/flags/1x1/fm.svg]
[www.jjconsulting.com.br/infinity/flags/4x3/fo.svg]
[www.jjconsulting.com.br/infinity/flags/1x1/fo.svg]
[www.jjconsulting.com.br/infinity/flags/4x3/fr.svg]
[www.jjconsulting.com.br/infinity/flags/1x1/fr.svg]
[www.jjconsulting.com.br/infinity/flags/4x3/ga.svg]
[www.jjconsulting.com.br/infinity/flags/1x1/ga.svg]
[www.jjconsulting.com.br/infinity/flags/4x3/gb.svg]
[www.jjconsulting.com.br/infinity/flags/1x1/gb.svg]
[www.jjconsulting.com.br/infinity/flags/4x3/gd.svg]
[www.jjconsulting.com.br/infinity/flags/1x1/gd.svg]
[www.jjconsulting.com.br/infinity/flags/4x3/ge.svg]
[www.jjconsulting.com.br/infinity/flags/1x1/ge.svg]
[www.jjconsulting.com.br/infinity/flags/4x3/gf.svg]
[www.jjconsulting.com.br/infinity/flags/1x1/gf.svg]
[www.jjconsulting.com.br/infinity/flags/4x3/gg.svg]
[www.jjconsulting.com.br/infinity/flags/1x1/gg.svg]
[www.jjconsulting.com.br/infinity/flags/4x3/gh.svg]
[www.jjconsulting.com.br/infinity/flags/1x1/gh.svg]
[www.jjconsulting.com.br/infinity/flags/4x3/gi.svg]
[www.jjconsulting.com.br/infinity/flags/1x1/gi.svg]
[www.jjconsulting.com.br/infinity/flags/4x3/gl.svg]
[www.jjconsulting.com.br/infinity/flags/1x1/gl.svg]
[www.jjconsulting.com.br/infinity/flags/4x3/gm.svg]
[www.jjconsulting.com.br/infinity/flags/1x1/gm.svg]
[www.jjconsulting.com.br/infinity/flags/4x3/gn.svg]
[www.jjconsulting.com.br/infinity/flags/1x1/gn.svg]
[www.jjconsulting.com.br/infinity/flags/4x3/gp.svg]
[www.jjconsulting.com.br/infinity/flags/1x1/gp.svg]
[www.jjconsulting.com.br/infinity/flags/4x3/gq.svg]
[www.jjconsulting.com.br/infinity/flags/1x1/gq.svg]
[www.jjconsulting.com.br/infinity/flags/4x3/gr.svg]
[www.jjconsulting.com.br/infinity/flags/1x1/gr.svg]
[www.jjconsulting.com.br/infinity/flags/4x3/gs.svg]
[www.jjconsulting.com.br/infinity/flags/1x1/gs.svg]
[www.jjconsulting.com.br/infinity/flags/4x3/gt.svg]
[www.jjconsulting.com.br/infinity/flags/1x1/gt.svg]
[www.jjconsulting.com.br/infinity/flags/4x3/gu.svg]
[www.jjconsulting.com.br/infinity/flags/1x1/gu.svg]
[www.jjconsulting.com.br/infinity/flags/4x3/gw.svg]
[www.jjconsulting.com.br/infinity/flags/1x1/gw.svg]
[www.jjconsulting.com.br/infinity/flags/4x3/gy.svg]
[www.jjconsulting.com.br/infinity/flags/1x1/gy.svg]
[www.jjconsulting.com.br/infinity/flags/4x3/hk.svg]
[www.jjconsulting.com.br/infinity/flags/1x1/hk.svg]
[www.jjconsulting.com.br/infinity/flags/4x3/hm.svg]
[www.jjconsulting.com.br/infinity/flags/1x1/hm.svg]
[www.jjconsulting.com.br/infinity/flags/4x3/hn.svg]
[www.jjconsulting.com.br/infinity/flags/1x1/hn.svg]
[www.jjconsulting.com.br/infinity/flags/4x3/hr.svg]
[www.jjconsulting.com.br/infinity/flags/1x1/hr.svg]
[www.jjconsulting.com.br/infinity/flags/4x3/ht.svg]
[www.jjconsulting.com.br/infinity/flags/1x1/ht.svg]
[www.jjconsulting.com.br/infinity/flags/4x3/hu.svg]
[www.jjconsulting.com.br/infinity/flags/1x1/hu.svg]
[www.jjconsulting.com.br/infinity/flags/4x3/id.svg]
[www.jjconsulting.com.br/infinity/flags/1x1/id.svg]
[www.jjconsulting.com.br/infinity/flags/4x3/ie.svg]
[www.jjconsulting.com.br/infinity/flags/1x1/ie.svg]
[www.jjconsulting.com.br/infinity/flags/4x3/il.svg]
[www.jjconsulting.com.br/infinity/flags/1x1/il.svg]
[www.jjconsulting.com.br/infinity/flags/4x3/im.svg]
[www.jjconsulting.com.br/infinity/flags/1x1/im.svg]
[www.jjconsulting.com.br/infinity/flags/4x3/in.svg]
[www.jjconsulting.com.br/infinity/flags/1x1/in.svg]
[www.jjconsulting.com.br/infinity/flags/4x3/io.svg]
[www.jjconsulting.com.br/infinity/flags/1x1/io.svg]
[www.jjconsulting.com.br/infinity/flags/4x3/iq.svg]
[www.jjconsulting.com.br/infinity/flags/1x1/iq.svg]
[www.jjconsulting.com.br/infinity/flags/4x3/ir.svg]
[www.jjconsulting.com.br/infinity/flags/1x1/ir.svg]
[www.jjconsulting.com.br/infinity/flags/4x3/is.svg]
[www.jjconsulting.com.br/infinity/flags/1x1/is.svg]
[www.jjconsulting.com.br/infinity/flags/4x3/it.svg]
[www.jjconsulting.com.br/infinity/flags/1x1/it.svg]
[www.jjconsulting.com.br/infinity/flags/4x3/je.svg]
[www.jjconsulting.com.br/infinity/flags/1x1/je.svg]
[www.jjconsulting.com.br/infinity/flags/4x3/jm.svg]
[www.jjconsulting.com.br/infinity/flags/1x1/jm.svg]
[www.jjconsulting.com.br/infinity/flags/4x3/jo.svg]
[www.jjconsulting.com.br/infinity/flags/1x1/jo.svg]
[www.jjconsulting.com.br/infinity/flags/4x3/jp.svg]
[www.jjconsulting.com.br/infinity/flags/1x1/jp.svg]
[www.jjconsulting.com.br/infinity/flags/4x3/ke.svg]
[www.jjconsulting.com.br/infinity/flags/1x1/ke.svg]
[www.jjconsulting.com.br/infinity/flags/4x3/kg.svg]
[www.jjconsulting.com.br/infinity/flags/1x1/kg.svg]
[www.jjconsulting.com.br/infinity/flags/4x3/kh.svg]
[www.jjconsulting.com.br/infinity/flags/1x1/kh.svg]
[www.jjconsulting.com.br/infinity/flags/4x3/ki.svg]
[www.jjconsulting.com.br/infinity/flags/1x1/ki.svg]
[www.jjconsulting.com.br/infinity/flags/4x3/km.svg]
[www.jjconsulting.com.br/infinity/flags/1x1/km.svg]
[www.jjconsulting.com.br/infinity/flags/4x3/kn.svg]
[www.jjconsulting.com.br/infinity/flags/1x1/kn.svg]
[www.jjconsulting.com.br/infinity/flags/4x3/kp.svg]
[www.jjconsulting.com.br/infinity/flags/1x1/kp.svg]
[www.jjconsulting.com.br/infinity/flags/4x3/kr.svg]
[www.jjconsulting.com.br/infinity/flags/1x1/kr.svg]
[www.jjconsulting.com.br/infinity/flags/4x3/kw.svg]
[www.jjconsulting.com.br/infinity/flags/1x1/kw.svg]
[www.jjconsulting.com.br/infinity/flags/4x3/ky.svg]
[www.jjconsulting.com.br/infinity/flags/1x1/ky.svg]
[www.jjconsulting.com.br/infinity/flags/4x3/kz.svg]
[www.jjconsulting.com.br/infinity/flags/1x1/kz.svg]
[www.jjconsulting.com.br/infinity/flags/4x3/la.svg]
[www.jjconsulting.com.br/infinity/flags/1x1/la.svg]
[www.jjconsulting.com.br/infinity/flags/4x3/lb.svg]
[www.jjconsulting.com.br/infinity/flags/1x1/lb.svg]
[www.jjconsulting.com.br/infinity/flags/4x3/lc.svg]
[www.jjconsulting.com.br/infinity/flags/1x1/lc.svg]
[www.jjconsulting.com.br/infinity/flags/4x3/li.svg]
[www.jjconsulting.com.br/infinity/flags/1x1/li.svg]
[www.jjconsulting.com.br/infinity/flags/4x3/lk.svg]
[www.jjconsulting.com.br/infinity/flags/1x1/lk.svg]
[www.jjconsulting.com.br/infinity/flags/4x3/lr.svg]
[www.jjconsulting.com.br/infinity/flags/1x1/lr.svg]
[www.jjconsulting.com.br/infinity/flags/4x3/ls.svg]
[www.jjconsulting.com.br/infinity/flags/1x1/ls.svg]
[www.jjconsulting.com.br/infinity/flags/4x3/lt.svg]
[www.jjconsulting.com.br/infinity/flags/1x1/lt.svg]
[www.jjconsulting.com.br/infinity/flags/4x3/lu.svg]
[www.jjconsulting.com.br/infinity/flags/1x1/lu.svg]
[www.jjconsulting.com.br/infinity/flags/4x3/lv.svg]
[www.jjconsulting.com.br/infinity/flags/1x1/lv.svg]
[www.jjconsulting.com.br/infinity/flags/4x3/ly.svg]
[www.jjconsulting.com.br/infinity/flags/1x1/ly.svg]
[www.jjconsulting.com.br/infinity/flags/4x3/ma.svg]
[www.jjconsulting.com.br/infinity/flags/1x1/ma.svg]
[www.jjconsulting.com.br/infinity/flags/4x3/mc.svg]
[www.jjconsulting.com.br/infinity/flags/1x1/mc.svg]
[www.jjconsulting.com.br/infinity/flags/4x3/md.svg]
[www.jjconsulting.com.br/infinity/flags/1x1/md.svg]
[www.jjconsulting.com.br/infinity/flags/4x3/me.svg]
[www.jjconsulting.com.br/infinity/flags/1x1/me.svg]
[www.jjconsulting.com.br/infinity/flags/4x3/mf.svg]
[www.jjconsulting.com.br/infinity/flags/1x1/mf.svg]
[www.jjconsulting.com.br/infinity/flags/4x3/mg.svg]
[www.jjconsulting.com.br/infinity/flags/1x1/mg.svg]
[www.jjconsulting.com.br/infinity/flags/4x3/mh.svg]
[www.jjconsulting.com.br/infinity/flags/1x1/mh.svg]
[www.jjconsulting.com.br/infinity/flags/4x3/mk.svg]
[www.jjconsulting.com.br/infinity/flags/1x1/mk.svg]
[www.jjconsulting.com.br/infinity/flags/4x3/ml.svg]
[www.jjconsulting.com.br/infinity/flags/1x1/ml.svg]
[www.jjconsulting.com.br/infinity/flags/4x3/mm.svg]
[www.jjconsulting.com.br/infinity/flags/1x1/mm.svg]
[www.jjconsulting.com.br/infinity/flags/4x3/mn.svg]
[www.jjconsulting.com.br/infinity/flags/1x1/mn.svg]
[www.jjconsulting.com.br/infinity/flags/4x3/mo.svg]
[www.jjconsulting.com.br/infinity/flags/1x1/mo.svg]
[www.jjconsulting.com.br/infinity/flags/4x3/mp.svg]
[www.jjconsulting.com.br/infinity/flags/1x1/mp.svg]
[www.jjconsulting.com.br/infinity/flags/4x3/mq.svg]
[www.jjconsulting.com.br/infinity/flags/1x1/mq.svg]
[www.jjconsulting.com.br/infinity/flags/4x3/mr.svg]
[www.jjconsulting.com.br/infinity/flags/1x1/mr.svg]
[www.jjconsulting.com.br/infinity/flags/4x3/ms.svg]
[www.jjconsulting.com.br/infinity/flags/1x1/ms.svg]
[www.jjconsulting.com.br/infinity/flags/4x3/mt.svg]
[www.jjconsulting.com.br/infinity/flags/1x1/mt.svg]
[www.jjconsulting.com.br/infinity/flags/4x3/mu.svg]
[www.jjconsulting.com.br/infinity/flags/1x1/mu.svg]
[www.jjconsulting.com.br/infinity/flags/4x3/mv.svg]
[www.jjconsulting.com.br/infinity/flags/1x1/mv.svg]
[www.jjconsulting.com.br/infinity/flags/4x3/mw.svg]
[www.jjconsulting.com.br/infinity/flags/1x1/mw.svg]
[www.jjconsulting.com.br/infinity/flags/4x3/mx.svg]
[www.jjconsulting.com.br/infinity/flags/1x1/mx.svg]
[www.jjconsulting.com.br/infinity/flags/4x3/my.svg]
[www.jjconsulting.com.br/infinity/flags/1x1/my.svg]
[www.jjconsulting.com.br/infinity/flags/4x3/mz.svg]
[www.jjconsulting.com.br/infinity/flags/1x1/mz.svg]
[www.jjconsulting.com.br/infinity/flags/4x3/na.svg]
[www.jjconsulting.com.br/infinity/flags/1x1/na.svg]
[www.jjconsulting.com.br/infinity/flags/4x3/nc.svg]
[www.jjconsulting.com.br/infinity/flags/1x1/nc.svg]
[www.jjconsulting.com.br/infinity/flags/4x3/ne.svg]
[www.jjconsulting.com.br/infinity/flags/1x1/ne.svg]
[www.jjconsulting.com.br/infinity/flags/4x3/nf.svg]
[www.jjconsulting.com.br/infinity/flags/1x1/nf.svg]
[www.jjconsulting.com.br/infinity/flags/4x3/ng.svg]
[www.jjconsulting.com.br/infinity/flags/1x1/ng.svg]
[www.jjconsulting.com.br/infinity/flags/4x3/ni.svg]
[www.jjconsulting.com.br/infinity/flags/1x1/ni.svg]
[www.jjconsulting.com.br/infinity/flags/4x3/nl.svg]
[www.jjconsulting.com.br/infinity/flags/1x1/nl.svg]
[www.jjconsulting.com.br/infinity/flags/4x3/no.svg]
[www.jjconsulting.com.br/infinity/flags/1x1/no.svg]
[www.jjconsulting.com.br/infinity/flags/4x3/np.svg]
[www.jjconsulting.com.br/infinity/flags/1x1/np.svg]
[www.jjconsulting.com.br/infinity/flags/4x3/nr.svg]
[www.jjconsulting.com.br/infinity/flags/1x1/nr.svg]
[www.jjconsulting.com.br/infinity/flags/4x3/nu.svg]
[www.jjconsulting.com.br/infinity/flags/1x1/nu.svg]
[www.jjconsulting.com.br/infinity/flags/4x3/nz.svg]
[www.jjconsulting.com.br/infinity/flags/1x1/nz.svg]
[www.jjconsulting.com.br/infinity/flags/4x3/om.svg]
[www.jjconsulting.com.br/infinity/flags/1x1/om.svg]
[www.jjconsulting.com.br/infinity/flags/4x3/pa.svg]
[www.jjconsulting.com.br/infinity/flags/1x1/pa.svg]
[www.jjconsulting.com.br/infinity/flags/4x3/pe.svg]
[www.jjconsulting.com.br/infinity/flags/1x1/pe.svg]
[www.jjconsulting.com.br/infinity/flags/4x3/pf.svg]
[www.jjconsulting.com.br/infinity/flags/1x1/pf.svg]
[www.jjconsulting.com.br/infinity/flags/4x3/pg.svg]
[www.jjconsulting.com.br/infinity/flags/1x1/pg.svg]
[www.jjconsulting.com.br/infinity/flags/4x3/ph.svg]
[www.jjconsulting.com.br/infinity/flags/1x1/ph.svg]
[www.jjconsulting.com.br/infinity/flags/4x3/pk.svg]
[www.jjconsulting.com.br/infinity/flags/1x1/pk.svg]
[www.jjconsulting.com.br/infinity/flags/4x3/pl.svg]
[www.jjconsulting.com.br/infinity/flags/1x1/pl.svg]
[www.jjconsulting.com.br/infinity/flags/4x3/pm.svg]
[www.jjconsulting.com.br/infinity/flags/1x1/pm.svg]
[www.jjconsulting.com.br/infinity/flags/4x3/pn.svg]
[www.jjconsulting.com.br/infinity/flags/1x1/pn.svg]
[www.jjconsulting.com.br/infinity/flags/4x3/pr.svg]
[www.jjconsulting.com.br/infinity/flags/1x1/pr.svg]
[www.jjconsulting.com.br/infinity/flags/4x3/ps.svg]
[www.jjconsulting.com.br/infinity/flags/1x1/ps.svg]
[www.jjconsulting.com.br/infinity/flags/4x3/pt.svg]
[www.jjconsulting.com.br/infinity/flags/1x1/pt.svg]
[www.jjconsulting.com.br/infinity/flags/4x3/pw.svg]
[www.jjconsulting.com.br/infinity/flags/1x1/pw.svg]
[www.jjconsulting.com.br/infinity/flags/4x3/py.svg]
[www.jjconsulting.com.br/infinity/flags/1x1/py.svg]
[www.jjconsulting.com.br/infinity/flags/4x3/qa.svg]
[www.jjconsulting.com.br/infinity/flags/1x1/qa.svg]
[www.jjconsulting.com.br/infinity/flags/4x3/re.svg]
[www.jjconsulting.com.br/infinity/flags/1x1/re.svg]
[www.jjconsulting.com.br/infinity/flags/4x3/ro.svg]
[www.jjconsulting.com.br/infinity/flags/1x1/ro.svg]
[www.jjconsulting.com.br/infinity/flags/4x3/rs.svg]
[www.jjconsulting.com.br/infinity/flags/1x1/rs.svg]
[www.jjconsulting.com.br/infinity/flags/4x3/ru.svg]
[www.jjconsulting.com.br/infinity/flags/1x1/ru.svg]
[www.jjconsulting.com.br/infinity/flags/4x3/rw.svg]
[www.jjconsulting.com.br/infinity/flags/1x1/rw.svg]
[www.jjconsulting.com.br/infinity/flags/4x3/sa.svg]
[www.jjconsulting.com.br/infinity/flags/1x1/sa.svg]
[www.jjconsulting.com.br/infinity/flags/4x3/sb.svg]
[www.jjconsulting.com.br/infinity/flags/1x1/sb.svg]
[www.jjconsulting.com.br/infinity/flags/4x3/sc.svg]
[www.jjconsulting.com.br/infinity/flags/1x1/sc.svg]
[www.jjconsulting.com.br/infinity/flags/4x3/sd.svg]
[www.jjconsulting.com.br/infinity/flags/1x1/sd.svg]
[www.jjconsulting.com.br/infinity/flags/4x3/se.svg]
[www.jjconsulting.com.br/infinity/flags/1x1/se.svg]
[www.jjconsulting.com.br/infinity/flags/4x3/sg.svg]
[www.jjconsulting.com.br/infinity/flags/1x1/sg.svg]
[www.jjconsulting.com.br/infinity/flags/4x3/sh.svg]
[www.jjconsulting.com.br/infinity/flags/1x1/sh.svg]
[www.jjconsulting.com.br/infinity/flags/4x3/si.svg]
[www.jjconsulting.com.br/infinity/flags/1x1/si.svg]
[www.jjconsulting.com.br/infinity/flags/4x3/sj.svg]
[www.jjconsulting.com.br/infinity/flags/1x1/sj.svg]
[www.jjconsulting.com.br/infinity/flags/4x3/sk.svg]
[www.jjconsulting.com.br/infinity/flags/1x1/sk.svg]
[www.jjconsulting.com.br/infinity/flags/4x3/sl.svg]
[www.jjconsulting.com.br/infinity/flags/1x1/sl.svg]
[www.jjconsulting.com.br/infinity/flags/4x3/sm.svg]
[www.jjconsulting.com.br/infinity/flags/1x1/sm.svg]
[www.jjconsulting.com.br/infinity/flags/4x3/sn.svg]
[www.jjconsulting.com.br/infinity/flags/1x1/sn.svg]
[www.jjconsulting.com.br/infinity/flags/4x3/so.svg]
[www.jjconsulting.com.br/infinity/flags/1x1/so.svg]
[www.jjconsulting.com.br/infinity/flags/4x3/sr.svg]
[www.jjconsulting.com.br/infinity/flags/1x1/sr.svg]
[www.jjconsulting.com.br/infinity/flags/4x3/ss.svg]
[www.jjconsulting.com.br/infinity/flags/1x1/ss.svg]
[www.jjconsulting.com.br/infinity/flags/4x3/st.svg]
[www.jjconsulting.com.br/infinity/flags/1x1/st.svg]
[www.jjconsulting.com.br/infinity/flags/4x3/sv.svg]
[www.jjconsulting.com.br/infinity/flags/1x1/sv.svg]
[www.jjconsulting.com.br/infinity/flags/4x3/sx.svg]
[www.jjconsulting.com.br/infinity/flags/1x1/sx.svg]
[www.jjconsulting.com.br/infinity/flags/4x3/sy.svg]
[www.jjconsulting.com.br/infinity/flags/1x1/sy.svg]
[www.jjconsulting.com.br/infinity/flags/4x3/sz.svg]
[www.jjconsulting.com.br/infinity/flags/1x1/sz.svg]
[www.jjconsulting.com.br/infinity/flags/4x3/tc.svg]
[www.jjconsulting.com.br/infinity/flags/1x1/tc.svg]
[www.jjconsulting.com.br/infinity/flags/4x3/td.svg]
[www.jjconsulting.com.br/infinity/flags/1x1/td.svg]
[www.jjconsulting.com.br/infinity/flags/4x3/tf.svg]
[www.jjconsulting.com.br/infinity/flags/1x1/tf.svg]
[www.jjconsulting.com.br/infinity/flags/4x3/tg.svg]
[www.jjconsulting.com.br/infinity/flags/1x1/tg.svg]
[www.jjconsulting.com.br/infinity/flags/4x3/th.svg]
[www.jjconsulting.com.br/infinity/flags/1x1/th.svg]
[www.jjconsulting.com.br/infinity/flags/4x3/tj.svg]
[www.jjconsulting.com.br/infinity/flags/1x1/tj.svg]
[www.jjconsulting.com.br/infinity/flags/4x3/tk.svg]
[www.jjconsulting.com.br/infinity/flags/1x1/tk.svg]
[www.jjconsulting.com.br/infinity/flags/4x3/tl.svg]
[www.jjconsulting.com.br/infinity/flags/1x1/tl.svg]
[www.jjconsulting.com.br/infinity/flags/4x3/tm.svg]
[www.jjconsulting.com.br/infinity/flags/1x1/tm.svg]
[www.jjconsulting.com.br/infinity/flags/4x3/tn.svg]
[www.jjconsulting.com.br/infinity/flags/1x1/tn.svg]
[www.jjconsulting.com.br/infinity/flags/4x3/to.svg]
[www.jjconsulting.com.br/infinity/flags/1x1/to.svg]
[www.jjconsulting.com.br/infinity/flags/4x3/tr.svg]
[www.jjconsulting.com.br/infinity/flags/1x1/tr.svg]
[www.jjconsulting.com.br/infinity/flags/4x3/tt.svg]
[www.jjconsulting.com.br/infinity/flags/1x1/tt.svg]
[www.jjconsulting.com.br/infinity/flags/4x3/tv.svg]
[www.jjconsulting.com.br/infinity/flags/1x1/tv.svg]
[www.jjconsulting.com.br/infinity/flags/4x3/tw.svg]
[www.jjconsulting.com.br/infinity/flags/1x1/tw.svg]
[www.jjconsulting.com.br/infinity/flags/4x3/tz.svg]
[www.jjconsulting.com.br/infinity/flags/1x1/tz.svg]
[www.jjconsulting.com.br/infinity/flags/4x3/ua.svg]
[www.jjconsulting.com.br/infinity/flags/1x1/ua.svg]
[www.jjconsulting.com.br/infinity/flags/4x3/ug.svg]
[www.jjconsulting.com.br/infinity/flags/1x1/ug.svg]
[www.jjconsulting.com.br/infinity/flags/4x3/um.svg]
[www.jjconsulting.com.br/infinity/flags/1x1/um.svg]
[www.jjconsulting.com.br/infinity/flags/4x3/us.svg]
[www.jjconsulting.com.br/infinity/flags/1x1/us.svg]
[www.jjconsulting.com.br/infinity/flags/4x3/uy.svg]
[www.jjconsulting.com.br/infinity/flags/1x1/uy.svg]
[www.jjconsulting.com.br/infinity/flags/4x3/uz.svg]
[www.jjconsulting.com.br/infinity/flags/1x1/uz.svg]
[www.jjconsulting.com.br/infinity/flags/4x3/va.svg]
[www.jjconsulting.com.br/infinity/flags/1x1/va.svg]
[www.jjconsulting.com.br/infinity/flags/4x3/vc.svg]
[www.jjconsulting.com.br/infinity/flags/1x1/vc.svg]
[www.jjconsulting.com.br/infinity/flags/4x3/ve.svg]
[www.jjconsulting.com.br/infinity/flags/1x1/ve.svg]
[www.jjconsulting.com.br/infinity/flags/4x3/vg.svg]
[www.jjconsulting.com.br/infinity/flags/1x1/vg.svg]
[www.jjconsulting.com.br/infinity/flags/4x3/vi.svg]
[www.jjconsulting.com.br/infinity/flags/1x1/vi.svg]
[www.jjconsulting.com.br/infinity/flags/4x3/vn.svg]
[www.jjconsulting.com.br/infinity/flags/1x1/vn.svg]
[www.jjconsulting.com.br/infinity/flags/4x3/vu.svg]
[www.jjconsulting.com.br/infinity/flags/1x1/vu.svg]
[www.jjconsulting.com.br/infinity/flags/4x3/wf.svg]
[www.jjconsulting.com.br/infinity/flags/1x1/wf.svg]
[www.jjconsulting.com.br/infinity/flags/4x3/ws.svg]
[www.jjconsulting.com.br/infinity/flags/1x1/ws.svg]
[www.jjconsulting.com.br/infinity/flags/4x3/ye.svg]
[www.jjconsulting.com.br/infinity/flags/1x1/ye.svg]
[www.jjconsulting.com.br/infinity/flags/4x3/yt.svg]
[www.jjconsulting.com.br/infinity/flags/1x1/yt.svg]
[www.jjconsulting.com.br/infinity/flags/4x3/za.svg]
[www.jjconsulting.com.br/infinity/flags/1x1/za.svg]
[www.jjconsulting.com.br/infinity/flags/4x3/zm.svg]
[www.jjconsulting.com.br/infinity/flags/1x1/zm.svg]
[www.jjconsulting.com.br/infinity/flags/4x3/zw.svg]
[www.jjconsulting.com.br/infinity/flags/1x1/zw.svg]
[www.jjconsulting.com.br/infinity/flags/4x3/arab.svg]
[www.jjconsulting.com.br/infinity/flags/1x1/arab.svg]
[www.jjconsulting.com.br/infinity/flags/4x3/asean.svg]
[www.jjconsulting.com.br/infinity/flags/1x1/asean.svg]
[www.jjconsulting.com.br/infinity/flags/4x3/cefta.svg]
[www.jjconsulting.com.br/infinity/flags/1x1/cefta.svg]
[www.jjconsulting.com.br/infinity/flags/4x3/cp.svg]
[www.jjconsulting.com.br/infinity/flags/1x1/cp.svg]
[www.jjconsulting.com.br/infinity/flags/4x3/dg.svg]
[www.jjconsulting.com.br/infinity/flags/1x1/dg.svg]
[www.jjconsulting.com.br/infinity/flags/4x3/eac.svg]
[www.jjconsulting.com.br/infinity/flags/1x1/eac.svg]
[www.jjconsulting.com.br/infinity/flags/4x3/es-ct.svg]
[www.jjconsulting.com.br/infinity/flags/1x1/es-ct.svg]
[www.jjconsulting.com.br/infinity/flags/4x3/es-ga.svg]
[www.jjconsulting.com.br/infinity/flags/1x1/es-ga.svg]
[www.jjconsulting.com.br/infinity/flags/4x3/es-pv.svg]
[www.jjconsulting.com.br/infinity/flags/1x1/es-pv.svg]
[www.jjconsulting.com.br/infinity/flags/4x3/eu.svg]
[www.jjconsulting.com.br/infinity/flags/1x1/eu.svg]
[www.jjconsulting.com.br/infinity/flags/4x3/gb-eng.svg]
[www.jjconsulting.com.br/infinity/flags/1x1/gb-eng.svg]
[www.jjconsulting.com.br/infinity/flags/4x3/gb-nir.svg]
[www.jjconsulting.com.br/infinity/flags/1x1/gb-nir.svg]
[www.jjconsulting.com.br/infinity/flags/4x3/gb-sct.svg]
[www.jjconsulting.com.br/infinity/flags/1x1/gb-sct.svg]
[www.jjconsulting.com.br/infinity/flags/4x3/gb-wls.svg]
[www.jjconsulting.com.br/infinity/flags/1x1/gb-wls.svg]
[www.jjconsulting.com.br/infinity/flags/4x3/ic.svg]
[www.jjconsulting.com.br/infinity/flags/1x1/ic.svg]
[www.jjconsulting.com.br/infinity/flags/4x3/pc.svg]
[www.jjconsulting.com.br/infinity/flags/1x1/pc.svg]
[www.jjconsulting.com.br/infinity/flags/4x3/sh-ac.svg]
[www.jjconsulting.com.br/infinity/flags/1x1/sh-ac.svg]
[www.jjconsulting.com.br/infinity/flags/4x3/sh-hl.svg]
[www.jjconsulting.com.br/infinity/flags/1x1/sh-hl.svg]
[www.jjconsulting.com.br/infinity/flags/4x3/sh-ta.svg]
[www.jjconsulting.com.br/infinity/flags/1x1/sh-ta.svg]
[www.jjconsulting.com.br/infinity/flags/4x3/un.svg]
[www.jjconsulting.com.br/infinity/flags/1x1/un.svg]
[www.jjconsulting.com.br/infinity/flags/4x3/xk.svg]
[www.jjconsulting.com.br/infinity/flags/1x1/xk.svg]
[www.jjconsulting.com.br/infinity/Error/Index0b0f.html]
[www.jjconsulting.com.br/infinity/Account/Login.html]
[www.jjconsulting.com.br/docs/JJInfinity/favicon.ico]
[www.jjconsulting.com.br/docs/JJInfinity/public/docfx.min.js]
[www.jjconsulting.com.br/docs/JJInfinity/logo.png]
[www.jjconsulting.com.br/docs/JJInfinity/index.html]
[www.jjconsulting.com.br/_content/JJConsulting.Tech.Blog/css/article.css]
[www.jjconsulting.com.br/_content/JJConsulting.Tech.Blog/css/highlight.min.css]
[www.jjconsulting.com.br/docs/jjintegration/public/bootstrap-icons-X6UQXWUSbf04.woff2]
[www.jjconsulting.com.br/docs/jjintegration/public/bootstrap-icons-OCU552PFbf04.woff]
[www.jjconsulting.com.br/docs/jjintegration/public/docfx.min.css]
[www.jjconsulting.com.br/docs/jjintegration/public/main.css]
[www.jjconsulting.com.br/docs/jjintegration/toc.html]
[www.jjconsulting.com.br/docs/jjintegration/index-2.html]
[www.jjconsulting.com.br/docs/jjintegration/images/img01.jpg]
[www.jjconsulting.com.br/docs/jjintegration/manual/bem-vindo.html]
[www.jjconsulting.com.br/docs/JJInfinity/public/bootstrap-icons-X6UQXWUSbf04.woff2]
[www.jjconsulting.com.br/docs/JJInfinity/public/bootstrap-icons-OCU552PFbf04.woff]
[www.jjconsulting.com.br/docs/JJInfinity/public/docfx.min.css]
[www.jjconsulting.com.br/docs/JJInfinity/public/main.css]
[www.jjconsulting.com.br/docs/JJInfinity/toc.html]
[www.jjconsulting.com.br/docs/JJInfinity/index-2.html]
[www.jjconsulting.com.br/docs/JJInfinity/articles/index.html]
[www.jjconsulting.com.br/docs/JJInfinity/images/InfinitySecurity.png]
[www.jjconsulting.com.br/docs/jjintegration/manual/toc.html]
[www.jjconsulting.com.br/docs/JJInfinity/articles/toc.html]
[www.jjconsulting.com.br/docs/jjintegration/images/img301.png]
[www.jjconsulting.com.br/docs/jjintegration/images/img302.png]
[www.jjconsulting.com.br/docs/jjintegration/images/img303.png]
[www.jjconsulting.com.br/docs/jjintegration/images/img310.png]
[www.jjconsulting.com.br/docs/jjintegration/images/img311.png]
[www.jjconsulting.com.br/docs/jjintegration/images/img312.png]
[www.jjconsulting.com.br/docs/jjintegration/images/img304.png]
[www.jjconsulting.com.br/docs/jjintegration/images/img305.png]
[www.jjconsulting.com.br/docs/jjintegration/images/img316.png]
[www.jjconsulting.com.br/docs/jjintegration/images/img307.png]
[www.jjconsulting.com.br/docs/jjintegration/images/icon02.bmp]
[www.jjconsulting.com.br/docs/jjintegration/images/img308.png]
[www.jjconsulting.com.br/docs/jjintegration/images/icon03.bmp]
[www.jjconsulting.com.br/docs/jjintegration/images/icon04.bmp]
[www.jjconsulting.com.br/docs/jjintegration/images/img309.png]
[www.jjconsulting.com.br/docs/jjintegration/images/icon08.bmp]
[www.jjconsulting.com.br/docs/jjintegration/images/icon100.png]
[www.jjconsulting.com.br/docs/jjintegration/images/img313.png]
[www.jjconsulting.com.br/docs/jjintegration/images/img130.png]
[www.jjconsulting.com.br/docs/jjintegration/manual/instalacao.html]
[www.jjconsulting.com.br/docs/jjintegration/images/img62.png]
[www.jjconsulting.com.br/docs/jjintegration/images/img63.png]
[www.jjconsulting.com.br/docs/jjintegration/images/img64.bmp]
[www.jjconsulting.com.br/docs/jjintegration/images/img208.png]
[www.jjconsulting.com.br/docs/jjintegration/images/img207.png]
[www.jjconsulting.com.br/docs/jjintegration/manual/registrojj.html]
[www.jjconsulting.com.br/docs/jjintegration/images/img65.bmp]
[www.jjconsulting.com.br/docs/jjintegration/images/img66.bmp]
[www.jjconsulting.com.br/docs/jjintegration/images/icon01.bmp]
[www.jjconsulting.com.br/docs/jjintegration/images/icon09.bmp]
[www.jjconsulting.com.br/docs/jjintegration/images/img68.png]
[www.jjconsulting.com.br/docs/jjintegration/images/img69.png]
[www.jjconsulting.com.br/docs/jjintegration/images/img70.png]
[www.jjconsulting.com.br/docs/jjintegration/images/img71.png]
[www.jjconsulting.com.br/docs/jjintegration/images/img72.png]
[www.jjconsulting.com.br/docs/jjintegration/images/img77.bmp]
[www.jjconsulting.com.br/docs/jjintegration/images/img78.bmp]
[www.jjconsulting.com.br/docs/jjintegration/images/icon10.bmp]
[www.jjconsulting.com.br/docs/jjintegration/images/icon11.bmp]
[www.jjconsulting.com.br/docs/jjintegration/images/icon12.bmp]
[www.jjconsulting.com.br/docs/jjintegration/images/icon13.bmp]
[www.jjconsulting.com.br/docs/jjintegration/images/icon14.bmp]
[www.jjconsulting.com.br/docs/jjintegration/images/icon15.bmp]
[www.jjconsulting.com.br/docs/jjintegration/images/icon17.bmp]
[www.jjconsulting.com.br/docs/jjintegration/images/icon16.bmp]
[www.jjconsulting.com.br/docs/jjintegration/images/img117.bmp]
[www.jjconsulting.com.br/docs/jjintegration/images/img118.png]
[www.jjconsulting.com.br/docs/jjintegration/images/img119.2.png]
[www.jjconsulting.com.br/docs/jjintegration/images/img119.png]
[www.jjconsulting.com.br/docs/jjintegration/images/img120.bmp]
[www.jjconsulting.com.br/docs/jjintegration/images/icon20.bmp]
[www.jjconsulting.com.br/docs/jjintegration/images/icon21.bmp]
[www.jjconsulting.com.br/docs/jjintegration/images/icon22.bmp]
[www.jjconsulting.com.br/docs/jjintegration/images/icon23.bmp]
[www.jjconsulting.com.br/docs/jjintegration/images/icon24.bmp]
[www.jjconsulting.com.br/docs/jjintegration/images/icon25.bmp]
[www.jjconsulting.com.br/docs/jjintegration/images/icon26.bmp]
[www.jjconsulting.com.br/docs/jjintegration/images/icon27.bmp]
[www.jjconsulting.com.br/docs/jjintegration/manual/menu.html]
[www.jjconsulting.com.br/docs/jjintegration/images/img128.png]
[www.jjconsulting.com.br/docs/jjintegration/images/img106.png]
[www.jjconsulting.com.br/docs/jjintegration/images/img107.png]
[www.jjconsulting.com.br/docs/jjintegration/images/img108.bmp]
[www.jjconsulting.com.br/docs/jjintegration/images/img109.bmp]
[www.jjconsulting.com.br/docs/jjintegration/images/img110.bmp]
[www.jjconsulting.com.br/docs/jjintegration/images/img215.png]
[www.jjconsulting.com.br/docs/jjintegration/images/img111.bmp]
[www.jjconsulting.com.br/docs/jjintegration/images/img112.bmp]
[www.jjconsulting.com.br/docs/jjintegration/images/img113.png]
[www.jjconsulting.com.br/docs/jjintegration/images/img114.bmp]
[www.jjconsulting.com.br/docs/jjintegration/images/img114.png]
[www.jjconsulting.com.br/docs/jjintegration/images/img220.png]
[www.jjconsulting.com.br/docs/jjintegration/images/img222.png]
[www.jjconsulting.com.br/docs/jjintegration/images/img221.png]
[www.jjconsulting.com.br/docs/jjintegration/images/img223.png]
[www.jjconsulting.com.br/docs/jjintegration/images/img224.png]
[www.jjconsulting.com.br/docs/jjintegration/images/img225.png]
[www.jjconsulting.com.br/docs/jjintegration/images/img226.png]
[www.jjconsulting.com.br/docs/jjintegration/images/img227.png]
[www.jjconsulting.com.br/docs/jjintegration/images/img115.png]
[www.jjconsulting.com.br/docs/jjintegration/images/icon01.02.png]
[www.jjconsulting.com.br/docs/jjintegration/images/img228.png]
[www.jjconsulting.com.br/docs/jjintegration/manual/configconex.html]
[www.jjconsulting.com.br/docs/jjintegration/images/img200.png]
[www.jjconsulting.com.br/docs/jjintegration/images/img116.png]
[www.jjconsulting.com.br/docs/jjintegration/manual/log.html]
[www.jjconsulting.com.br/docs/jjintegration/images/img122.png]
[www.jjconsulting.com.br/docs/jjintegration/images/img79.png]
[www.jjconsulting.com.br/docs/jjintegration/images/img81.png]
[www.jjconsulting.com.br/docs/jjintegration/images/img80.png]
[www.jjconsulting.com.br/docs/jjintegration/images/img82.png]
[www.jjconsulting.com.br/docs/jjintegration/images/img217.png]
[www.jjconsulting.com.br/docs/jjintegration/images/img218.png]
[www.jjconsulting.com.br/docs/jjintegration/images/img219.png]
[www.jjconsulting.com.br/docs/jjintegration/images/img83.png]
[www.jjconsulting.com.br/docs/jjintegration/images/img83.1.png]
[www.jjconsulting.com.br/docs/jjintegration/manual/exparquivos.html]
[www.jjconsulting.com.br/docs/jjintegration/images/img123.png]
[www.jjconsulting.com.br/docs/jjintegration/images/img84.png]
[www.jjconsulting.com.br/docs/jjintegration/images/img85.png]
[www.jjconsulting.com.br/docs/jjintegration/images/img86.png]
[www.jjconsulting.com.br/docs/jjintegration/images/img87.png]
[www.jjconsulting.com.br/docs/jjintegration/images/img88.png]
[www.jjconsulting.com.br/docs/jjintegration/images/img89.png]
[www.jjconsulting.com.br/docs/jjintegration/images/img90.png]
[www.jjconsulting.com.br/docs/jjintegration/images/icon19.bmp]
[www.jjconsulting.com.br/docs/jjintegration/images/img91.bmp]
[www.jjconsulting.com.br/docs/jjintegration/manual/imparquivos.html]
[www.jjconsulting.com.br/docs/jjintegration/images/img124.png]
[www.jjconsulting.com.br/docs/jjintegration/images/img92.png]
[www.jjconsulting.com.br/docs/jjintegration/images/img90.1.png]
[www.jjconsulting.com.br/docs/jjintegration/images/img93.bmp]
[www.jjconsulting.com.br/docs/jjintegration/images/img216.png]
[www.jjconsulting.com.br/docs/jjintegration/manual/impmultiarq.html]
[www.jjconsulting.com.br/docs/jjintegration/images/img125.png]
[www.jjconsulting.com.br/docs/jjintegration/images/img94.png]
[www.jjconsulting.com.br/docs/jjintegration/images/img95.png]
[www.jjconsulting.com.br/docs/jjintegration/images/img129.png]
[www.jjconsulting.com.br/docs/jjintegration/images/img96.bmp]
[www.jjconsulting.com.br/docs/jjintegration/manual/transfarq.html]
[www.jjconsulting.com.br/docs/jjintegration/images/img126.png]
[www.jjconsulting.com.br/docs/jjintegration/images/img97.png]
[www.jjconsulting.com.br/docs/jjintegration/images/img98.png]
[www.jjconsulting.com.br/docs/jjintegration/images/img99.png]
[www.jjconsulting.com.br/docs/jjintegration/images/img100.bmp]
[www.jjconsulting.com.br/docs/jjintegration/images/img101.bmp]
[www.jjconsulting.com.br/docs/jjintegration/images/img102.png]
[www.jjconsulting.com.br/docs/jjintegration/images/email.png]
[www.jjconsulting.com.br/docs/jjintegration/images/img319.png]
[www.jjconsulting.com.br/docs/jjintegration/images/img209.png]
[www.jjconsulting.com.br/docs/jjintegration/images/img210.png]
[www.jjconsulting.com.br/docs/jjintegration/images/push.png]
[www.jjconsulting.com.br/docs/jjintegration/images/push2.bmp]
[www.jjconsulting.com.br/docs/jjintegration/images/push1.png]
[www.jjconsulting.com.br/docs/jjintegration/images/push3.bmp]
[www.jjconsulting.com.br/docs/jjintegration/images/whatsapp_icon.png]
[www.jjconsulting.com.br/docs/jjintegration/images/img314.png]
[www.jjconsulting.com.br/docs/jjintegration/images/img315.png]
[www.jjconsulting.com.br/docs/jjintegration/images/img300.png]
[www.jjconsulting.com.br/docs/jjintegration/images/img317.png]
[www.jjconsulting.com.br/docs/jjintegration/images/img318.png]
[www.jjconsulting.com.br/docs/jjintegration/manual/mensageria.html]
[www.jjconsulting.com.br/docs/jjintegration/images/img127.png]
[www.jjconsulting.com.br/docs/jjintegration/images/img103.png]
[www.jjconsulting.com.br/docs/jjintegration/images/img104.bmp]
[www.jjconsulting.com.br/docs/jjintegration/images/img105.png]
[www.jjconsulting.com.br/docs/jjintegration/images/img211.png]
[www.jjconsulting.com.br/docs/jjintegration/images/img212.png]
[www.jjconsulting.com.br/docs/jjintegration/images/img213.png]
[www.jjconsulting.com.br/docs/jjintegration/images/img214.png]
[www.jjconsulting.com.br/docs/jjintegration/manual/scriptsext.html]
[www.jjconsulting.com.br/docs/jjintegration/images/img201.png]
[www.jjconsulting.com.br/docs/jjintegration/images/icon201.png]
[www.jjconsulting.com.br/docs/jjintegration/images/img202.png]
[www.jjconsulting.com.br/docs/jjintegration/images/img203.png]
[www.jjconsulting.com.br/docs/jjintegration/images/img204.png]
[www.jjconsulting.com.br/docs/jjintegration/images/img205.png]
[www.jjconsulting.com.br/docs/jjintegration/images/img206.png]
[www.jjconsulting.com.br/docs/jjintegration/manual/api.html]
[www.jjconsulting.com.br/docs/jjintegration/images/img121.png]
[www.jjconsulting.com.br/docs/jjintegration/images/img67.png]
[www.jjconsulting.com.br/docs/jjintegration/images/img68.bmp]
[www.jjconsulting.com.br/docs/jjintegration/images/img73.png]
[www.jjconsulting.com.br/docs/jjintegration/images/icon05.bmp]
[www.jjconsulting.com.br/docs/jjintegration/images/img74.bmp]
[www.jjconsulting.com.br/docs/jjintegration/images/icon06.bmp]
[www.jjconsulting.com.br/docs/jjintegration/images/img75.bmp]
[www.jjconsulting.com.br/docs/jjintegration/images/icon07.bmp]
[www.jjconsulting.com.br/docs/jjintegration/images/img76.bmp]
[www.jjconsulting.com.br/docs/jjintegration/images/icon01.0.png]
[www.jjconsulting.com.br/docs/jjintegration/images/img76.2.png]
[www.jjconsulting.com.br/docs/jjintegration/manual/agendamentos.html]
[www.jjconsulting.com.br/docs/jjintegration/images/web-client.png]
[www.jjconsulting.com.br/docs/jjintegration/manual/web-client.html]
[www.jjconsulting.com.br/docs/jjintegration/manual/plugins.html]
[www.jjconsulting.com.br/docs/JJInfinity/articles/setup.html]
[www.jjconsulting.com.br/docs/JJInfinity/articles/security.html]
[www.jjconsulting.com.br/docs/JJInfinity/images/Logos/JJReportLogo.png]
[www.jjconsulting.com.br/docs/JJInfinity/articles/reports.html]
[www.jjconsulting.com.br/docs/JJInfinity/images/Logos/JJPagesLogo.png]
[www.jjconsulting.com.br/docs/JJInfinity/articles/pages/index.html]
[www.jjconsulting.com.br/docs/JJInfinity/articles/pages/utils.html]
[www.jjconsulting.com.br/docs/JJInfinity/images/InfinityDiagramGeneral.png]
[www.jjconsulting.com.br/docs/JJInfinity/articles/integrations/index.html]
[www.jjconsulting.com.br/docs/JJInfinity/articles/integrations/razor-class-library-plugin.html]
[www.jjconsulting.com.br/docs/JJInfinity/images/LicAppConfig.png]
[www.jjconsulting.com.br/docs/JJInfinity/images/ExampleAppLic.png]
[www.jjconsulting.com.br/docs/JJInfinity/articles/integrations/gateway-manager-reverse-proxy.html]
[www.jjconsulting.com.br/docs/JJInfinity/images/SincronizaçaoTelaInicial.png]
[www.jjconsulting.com.br/docs/JJInfinity/images/TelaExportacaoInicial.png]
[www.jjconsulting.com.br/docs/JJInfinity/images/TelaConexoesExportacao.png]
[www.jjconsulting.com.br/docs/JJInfinity/images/TelaExportacaoFinal.png]
[www.jjconsulting.com.br/docs/JJInfinity/images/TelaImportacaoInicial.png]
[www.jjconsulting.com.br/docs/JJInfinity/images/TelaPreviewImportacao.png]
[www.jjconsulting.com.br/docs/JJInfinity/images/TelaMapeamentoImportacao.png]
[www.jjconsulting.com.br/docs/JJInfinity/images/TelaImportacaoFinal.png]
[www.jjconsulting.com.br/docs/JJInfinity/articles/synchronize.html]
[www.jjconsulting.com.br/docs/JJInfinity/images/ConfiguracoesSingIn.png]
[www.jjconsulting.com.br/docs/JJInfinity/images/ConfiguracoesSenha.png]
[www.jjconsulting.com.br/docs/JJInfinity/images/ConfiguracoesLockout.png]
[www.jjconsulting.com.br/docs/JJInfinity/images/ConfiguracoesCaptcha.png]
[www.jjconsulting.com.br/docs/JJInfinity/images/ConfiguracoesLayout.png]
[www.jjconsulting.com.br/docs/JJInfinity/images/ConfiguracoesEmail.png]
[www.jjconsulting.com.br/docs/JJInfinity/images/ConfiguracoesTags.png]
[www.jjconsulting.com.br/docs/JJInfinity/images/ConfiguracoesLoginExterno.png]
[www.jjconsulting.com.br/docs/JJInfinity/images/ConfiguracoesImagem.png]
[www.jjconsulting.com.br/docs/JJInfinity/articles/settings/index.html]
[www.jjconsulting.com.br/docs/JJInfinity/images/ConfiguracoesSSO.png]
[www.jjconsulting.com.br/docs/JJInfinity/articles/settings/sso.html]
[www.jjconsulting.com.br/docs/JJInfinity/images/GoogleAPIsServicos.png]
[www.jjconsulting.com.br/docs/JJInfinity/images/TelaDePermissaoOAuth.png]
[www.jjconsulting.com.br/docs/JJInfinity/images/OAuthLoginExterno.png]
[www.jjconsulting.com.br/docs/JJInfinity/images/TelaPermissaoOAuth.png]
[www.jjconsulting.com.br/docs/JJInfinity/images/DominiosOAuth.png]
[www.jjconsulting.com.br/docs/JJInfinity/images/OAuthSummary.png]
[www.jjconsulting.com.br/docs/JJInfinity/images/BackToDashboard.png]
[www.jjconsulting.com.br/docs/JJInfinity/images/CriarCredenciais.png]
[www.jjconsulting.com.br/docs/JJInfinity/images/SelecionarCredencial.png]
[www.jjconsulting.com.br/docs/JJInfinity/images/CriandoOAuth.png]
[www.jjconsulting.com.br/docs/JJInfinity/images/UrlOauthClient.png]
[www.jjconsulting.com.br/docs/JJInfinity/images/KeysoOAuth.png]
[www.jjconsulting.com.br/docs/JJInfinity/images/InfinityGoogleChaves.png]
[www.jjconsulting.com.br/docs/JJInfinity/articles/settings/google_external_login.html]
[www.jjconsulting.com.br/docs/JJInfinity/images/RegistroDeAplicativosMicrosoft.png]
[www.jjconsulting.com.br/docs/JJInfinity/images/RegistrodeAplicativoMicrosoft.png]
[www.jjconsulting.com.br/docs/JJInfinity/images/UrlMicrosoft.png]
[www.jjconsulting.com.br/docs/JJInfinity/images/KeyClientMicrosoft.png]
[www.jjconsulting.com.br/docs/JJInfinity/images/SecretIDMicrosoft.png]
[www.jjconsulting.com.br/docs/JJInfinity/images/SecretCLientMicrosoft.png]
[www.jjconsulting.com.br/docs/JJInfinity/images/AdicionarSegredoCliente.png]
[www.jjconsulting.com.br/docs/JJInfinity/images/ValueSecretMicrosof1t.png]
[www.jjconsulting.com.br/docs/JJInfinity/images/InfinityMicrosoftChaveSecreta.png]
[www.jjconsulting.com.br/docs/JJInfinity/articles/settings/microsoft_external_login.html]
[www.jjconsulting.com.br/docs/JJInfinity/images/GoogleReCaptcha.png]
[www.jjconsulting.com.br/docs/JJInfinity/images/ReCaptchaAdminConsole.png]
[www.jjconsulting.com.br/docs/JJInfinity/images/TiporeCAPTCHA.png]
[www.jjconsulting.com.br/docs/JJInfinity/images/configurandorRecaptchav3.png]
[www.jjconsulting.com.br/docs/JJInfinity/images/KeyReCaptcha.png]
[www.jjconsulting.com.br/docs/JJInfinity/images/ConfigurandoKeyRecaptchaV3.png]
[www.jjconsulting.com.br/docs/JJInfinity/articles/settings/recaptcha.html]
